Copyright 1986-2022 Xilinx, Inc. All Rights Reserved. Copyright 2022-2025 Advanced Micro Devices, Inc. All Rights Reserved.
-------------------------------------------------------------------------------------------------------------------------------------------------
| Tool Version     : Vivado v.2025.1 (lin64) Build 6140274 Wed May 21 22:58:25 MDT 2025
| Date             : Wed Jul 16 15:23:05 2025
| Host             : yashwanth-LOQ-15ARP9 running 64-bit Ubuntu 24.04.2 LTS
| Command          : report_power -file route_report_power_0.rpt -pb route_report_power_summary_0.pb -rpx route_report_power_0.rpx
| Design           : ai_accelerator_top
| Device           : xcvp1902-vsva6865-3HP-e-S
| Design State     : routed
| Grade            : extended
| Process          : typical
| Characterization : Production
-------------------------------------------------------------------------------------------------------------------------------------------------

Power Report

Table of Contents
-----------------
1. Summary
1.1 On-Chip Components
1.2 Power Supply Summary
1.3 Confidence Level
2. Settings
2.1 Environment
2.2 Clock Constraints
3. Detailed Reports
3.1 By Hierarchy

1. Summary
----------

+--------------------------+--------------+
| Total On-Chip Power (W)  | 75.722       |
| Design Power Budget (W)  | Unspecified* |
| Power Budget Margin (W)  | NA           |
| Dynamic (W)              | 19.219       |
| Device Static (W)        | 56.503**     |
| Effective TJA (C/W)      | 1.0          |
| Max Ambient (C)          | 25.0         |
| Junction Temperature (C) | 100.0**      |
| Confidence Level         | Low          |
| Setting File             | ---          |
| Simulation Activity File | ---          |
| Design Nets Matched      | NA           |
+--------------------------+--------------+
* Specify Design Power Budget using, set_operating_conditions -design_power_budget <value in Watts>
** No environmental constraints detected, worst case junction temperature (Tj) will be used, this will not impact the dynamic power estimate but will impact the static power shown.
To more accurately reflect the environmental and thermal operating condition of the application the following constraints should be applied, to reflect the applications specifications:
   set_operating_conditions -ambient_temp 25
   set_operating_conditions -thetaja 1.0

Where Ambient Temperature is defined as degrees Celsius and Theta Ja is the effectiveness of the thermal solution described as C/W to represent the rise in junction temperature for every watt dissipated
To set the junction temperature to a specific value the following constraint should be used:
   set_operating_conditions -junction_temp 25

For the Versal architecture, a default junction temperature of 100C is assumed when no environmental conditions are set (Ta/Tj/TJA).


1.1 On-Chip Components
----------------------

+-------------------+-----------+----------+-----------+-----------------+
| On-Chip           | Power (W) | Used     | Available | Utilization (%) |
+-------------------+-----------+----------+-----------+-----------------+
| Logic             |     9.968 |     5806 |       --- |             --- |
|   LUT as Logic    |     9.518 |     2443 |   8460288 |            0.03 |
|   LOOKAHEAD8      |     0.350 |      261 |   1057536 |            0.02 |
|   CLE FF Register |     0.099 |     1157 |  16920576 |           <0.01 |
|   BUFG            |    <0.001 |        4 |       320 |            1.25 |
|   Others          |     0.000 |       56 |       --- |             --- |
| Signals           |     7.770 |     3628 |       --- |             --- |
| I/O               |     0.000 |      272 |       --- |             --- |
| PS9               |     1.482 |        1 |       --- |             --- |
| Static Power      |    56.503 |          |           |                 |
|   PS Static       |     0.775 |          |           |                 |
|   PL Static       |    55.727 |          |           |                 |
| Total             |    75.722 |          |           |                 |
+-------------------+-----------+----------+-----------+-----------------+


1.2 Power Supply Summary
------------------------

+---------------+-------------+-----------+-------------+------------+-------------+-------------+------------+
| Source        | Voltage (V) | Total (A) | Dynamic (A) | Static (A) | Powerup (A) | Budget (A)  | Margin (A) |
+---------------+-------------+-----------+-------------+------------+-------------+-------------+------------+
| Vccint        |       0.880 |    65.249 |      20.112 |     45.138 |       NA    | Unspecified | NA         |
| VCC_SOC       |       0.880 |     6.845 |       0.044 |      6.802 |       NA    | Unspecified | NA         |
| VCC_IO        |       0.880 |     1.002 |       0.000 |      1.002 |       NA    | Unspecified | NA         |
| VCC_RAM       |       0.880 |     0.055 |       0.001 |      0.054 |       NA    | Unspecified | NA         |
| Vccaux        |       1.500 |     5.736 |       0.000 |      5.736 |       NA    | Unspecified | NA         |
| VCCO_503      |       1.800 |     0.001 |       0.000 |      0.001 |       NA    | Unspecified | NA         |
| VCCO_500      |       1.800 |     0.000 |       0.000 |      0.000 |       NA    | Unspecified | NA         |
| VCCO_501      |       1.800 |     0.000 |       0.000 |      0.000 |       NA    | Unspecified | NA         |
| VCCO_502      |       1.800 |     0.000 |       0.000 |      0.000 |       NA    | Unspecified | NA         |
| VCC_FUSE      |       1.800 |     0.000 |       0.000 |      0.000 |       NA    | Unspecified | NA         |
| VCC_BATT      |       1.500 |     0.000 |       0.000 |      0.000 |       NA    | Unspecified | NA         |
| Vcco33        |       3.300 |     0.000 |       0.000 |      0.000 |       NA    | Unspecified | NA         |
| Vcco25        |       2.500 |     0.000 |       0.000 |      0.000 |       NA    | Unspecified | NA         |
| Vcco18        |       1.800 |     0.000 |       0.000 |      0.000 |       NA    | Unspecified | NA         |
| Vcco15        |       1.500 |     0.000 |       0.000 |      0.000 |       NA    | Unspecified | NA         |
| Vcco135       |       1.350 |     0.000 |       0.000 |      0.000 |       NA    | Unspecified | NA         |
| Vcco12        |       1.200 |     0.000 |       0.000 |      0.000 |       NA    | Unspecified | NA         |
| Vcco11        |       1.100 |     0.000 |       0.000 |      0.000 |       NA    | Unspecified | NA         |
| Vcco10        |       1.000 |     0.000 |       0.000 |      0.000 |       NA    | Unspecified | NA         |
| VCC_PMC       |       0.880 |     0.344 |       0.150 |      0.194 |       NA    | Unspecified | NA         |
| VCCAUX_PMC    |       1.500 |     0.073 |       0.068 |      0.005 |       NA    | Unspecified | NA         |
| VCCAUX_SMON   |       1.500 |     0.003 |       0.000 |      0.003 |       NA    | Unspecified | NA         |
| VCC_PSLP      |       0.880 |     0.594 |       0.263 |      0.331 |       NA    | Unspecified | NA         |
| VCC_PSFP      |       0.880 |     1.495 |       1.155 |      0.341 |       NA    | Unspecified | NA         |
| Vccint_gt     |       0.880 |     0.553 |       0.000 |      0.553 |       NA    | Unspecified | NA         |
| VGTM_AVCC     |       0.920 |     0.000 |       0.000 |      0.000 |       NA    | Unspecified | NA         |
| VGTM_AVTT     |       1.200 |     0.000 |       0.000 |      0.000 |       NA    | Unspecified | NA         |
| VGTM_AVCCAUX  |       1.500 |     0.000 |       0.000 |      0.000 |       NA    | Unspecified | NA         |
| VGTYP_AVCC    |       0.920 |     0.000 |       0.000 |      0.000 |       NA    | Unspecified | NA         |
| VGTYP_AVTT    |       1.200 |     0.000 |       0.000 |      0.000 |       NA    | Unspecified | NA         |
| VGTYP_AVCCAUX |       1.500 |     0.000 |       0.000 |      0.000 |       NA    | Unspecified | NA         |
+---------------+-------------+-----------+-------------+------------+-------------+-------------+------------+


1.3 Confidence Level
--------------------

+-----------------------------+------------+--------------------------------------------------------+--------------------------------------------------------------------------------------------------------------------+
| User Input Data             | Confidence | Details                                                | Action                                                                                                             |
+-----------------------------+------------+--------------------------------------------------------+--------------------------------------------------------------------------------------------------------------------+
| Design implementation state | High       | Design is routed                                       |                                                                                                                    |
| Clock nodes activity        | Low        | User specified less than 75% of clocks                 | Provide missing clock activity with a constraint file, simulation results or by editing the "By Clock Domain" view |
| I/O nodes activity          | Low        | More than 75% of inputs are missing user specification | Provide missing input activity with simulation results or by editing the "By Resource Type -> I/Os" view           |
| Internal nodes activity     | Medium     | User specified less than 25% of internal nodes         | Provide missing internal nodes activity with simulation results or by editing the "By Resource Type" views         |
| Device models               | High       | Device models are Production                           |                                                                                                                    |
|                             |            |                                                        |                                                                                                                    |
| Overall confidence level    | Low        |                                                        |                                                                                                                    |
+-----------------------------+------------+--------------------------------------------------------+--------------------------------------------------------------------------------------------------------------------+


2. Settings
-----------

2.1 Environment
---------------

+------------------+------+
| Ambient Temp (C) | 25.0 |
| ThetaJA (C/W)    | 1.0  |
+------------------+------+


2.2 Clock Constraints
---------------------

+-------+--------+-----------------+
| Clock | Domain | Constraint (ns) |
+-------+--------+-----------------+


3. Detailed Reports
-------------------

3.1 By Hierarchy
----------------

+----------------------------------+-----------+
| Name                             | Power (W) |
+----------------------------------+-----------+
| ai_accelerator_top               |    19.219 |
|   act_fn                         |     0.003 |
|   clk_gate                       |     0.001 |
|   conv                           |     0.319 |
|   dataflow                       |     0.007 |
|   dma_bridge                     |     0.673 |
|   fc                             |     0.113 |
|     acc_reg[0][10]_i_2           |     0.003 |
|     acc_reg[0][11]_i_2           |     0.001 |
|     acc_reg[0][12]_i_2           |     0.003 |
|     acc_reg[0][13]_i_2           |     0.002 |
|     acc_reg[0][14]_i_2           |     0.002 |
|     acc_reg[0][15]_i_2           |     0.002 |
|     acc_reg[0][5]_i_2            |     0.001 |
|     acc_reg[0][7]_i_2            |     0.001 |
|   irq_ctrl                       |     0.057 |
|   loader                         |     0.187 |
|     FSM_onehot_state[1]_i_1      |     0.004 |
|     FSM_onehot_state_reg[1]_i_16 |     0.001 |
|     FSM_onehot_state_reg[1]_i_21 |     0.002 |
|     FSM_onehot_state_reg[1]_i_5  |     0.004 |
|     FSM_onehot_state_reg[2]_i_15 |     0.002 |
|     FSM_onehot_state_reg[2]_i_16 |     0.002 |
|     FSM_onehot_state_reg[2]_i_17 |     0.003 |
|     FSM_onehot_state_reg[2]_i_18 |     0.004 |
|     FSM_onehot_state_reg[2]_i_19 |     0.002 |
|     FSM_onehot_state_reg[2]_i_20 |     0.003 |
|     FSM_onehot_state_reg[2]_i_21 |     0.002 |
|     FSM_onehot_state_reg[2]_i_22 |     0.004 |
|     FSM_onehot_state_reg[2]_i_23 |     0.003 |
|     FSM_onehot_state_reg[2]_i_24 |     0.003 |
|     FSM_onehot_state_reg[2]_i_25 |     0.002 |
|     FSM_onehot_state_reg[2]_i_26 |     0.002 |
|     FSM_onehot_state_reg[2]_i_27 |     0.004 |
|     FSM_onehot_state_reg[2]_i_28 |     0.003 |
|     FSM_onehot_state_reg[2]_i_5  |     0.002 |
|     weight_counter_reg[15]_i_11  |     0.001 |
|     weight_counter_reg[15]_i_13  |     0.001 |
|     weight_counter_reg[15]_i_17  |     0.001 |
|     weight_counter_reg[15]_i_18  |     0.001 |
|     weight_counter_reg[15]_i_19  |     0.003 |
|     weight_counter_reg[15]_i_20  |     0.002 |
|     weight_counter_reg[15]_i_21  |     0.003 |
|     weight_counter_reg[15]_i_22  |     0.002 |
|     weight_counter_reg[15]_i_23  |     0.001 |
|     weight_counter_reg[15]_i_25  |     0.002 |
|     weight_counter_reg[15]_i_27  |     0.002 |
|     weight_counter_reg[15]_i_29  |     0.002 |
|     weight_counter_reg[15]_i_35  |     0.003 |
|     weight_counter_reg[15]_i_37  |     0.003 |
|     weight_counter_reg[15]_i_7   |     0.002 |
|     weight_counter_reg[15]_i_8   |     0.002 |
|     weight_counter_reg[15]_i_9   |     0.001 |
|   perf                           |    10.886 |
|     idle_cycles_reg[10]_i_1      |     0.002 |
|     idle_cycles_reg[11]_i_1      |     0.002 |
|     idle_cycles_reg[17]_i_1      |     0.002 |
|     idle_cycles_reg[18]_i_1      |     0.002 |
|     idle_cycles_reg[19]_i_1      |     0.002 |
|     idle_cycles_reg[25]_i_1      |     0.002 |
|     idle_cycles_reg[26]_i_1      |     0.001 |
|     idle_cycles_reg[27]_i_1      |     0.001 |
|     idle_cycles_reg[28]_i_1      |     0.001 |
|     idle_cycles_reg[29]_i_1      |     0.001 |
|     idle_cycles_reg[30]_i_1      |     0.001 |
|     idle_cycles_reg[31]_i_1      |     0.001 |
|     idle_cycles_reg[4]_i_1       |     0.002 |
|     idle_cycles_reg[5]_i_1       |     0.002 |
|     idle_cycles_reg[6]_i_1       |     0.001 |
|     idle_cycles_reg[7]_i_1       |     0.001 |
|     idle_cycles_reg[9]_i_1       |     0.002 |
|     utilization_reg[0]_i_1       |     0.005 |
|     utilization_reg[0]_i_10      |     0.006 |
|     utilization_reg[0]_i_11      |     0.007 |
|     utilization_reg[0]_i_12      |     0.006 |
|     utilization_reg[0]_i_14      |     0.006 |
|     utilization_reg[0]_i_15      |     0.007 |
|     utilization_reg[0]_i_16      |     0.007 |
|     utilization_reg[0]_i_17      |     0.007 |
|     utilization_reg[0]_i_18      |     0.007 |
|     utilization_reg[0]_i_19      |     0.007 |
|     utilization_reg[0]_i_2       |     0.008 |
|     utilization_reg[0]_i_20      |     0.007 |
|     utilization_reg[0]_i_21      |     0.007 |
|     utilization_reg[0]_i_23      |     0.006 |
|     utilization_reg[0]_i_24      |     0.007 |
|     utilization_reg[0]_i_25      |     0.007 |
|     utilization_reg[0]_i_26      |     0.006 |
|     utilization_reg[0]_i_27      |     0.006 |
|     utilization_reg[0]_i_28      |     0.006 |
|     utilization_reg[0]_i_29      |     0.007 |
|     utilization_reg[0]_i_30      |     0.007 |
|     utilization_reg[0]_i_31      |     0.004 |
|     utilization_reg[0]_i_32      |     0.006 |
|     utilization_reg[0]_i_33      |     0.006 |
|     utilization_reg[0]_i_34      |     0.007 |
|     utilization_reg[0]_i_35      |     0.006 |
|     utilization_reg[0]_i_36      |     0.006 |
|     utilization_reg[0]_i_37      |     0.006 |
|     utilization_reg[0]_i_38      |     0.006 |
|     utilization_reg[0]_i_5       |     0.006 |
|     utilization_reg[0]_i_6       |     0.007 |
|     utilization_reg[0]_i_7       |     0.006 |
|     utilization_reg[0]_i_8       |     0.007 |
|     utilization_reg[0]_i_9       |     0.007 |
|     utilization_reg[10]_i_1      |     0.042 |
|     utilization_reg[10]_i_10     |     0.009 |
|     utilization_reg[10]_i_11     |     0.009 |
|     utilization_reg[10]_i_13     |     0.008 |
|     utilization_reg[10]_i_14     |     0.008 |
|     utilization_reg[10]_i_15     |     0.008 |
|     utilization_reg[10]_i_16     |     0.009 |
|     utilization_reg[10]_i_17     |     0.009 |
|     utilization_reg[10]_i_18     |     0.008 |
|     utilization_reg[10]_i_19     |     0.008 |
|     utilization_reg[10]_i_2      |     0.009 |
|     utilization_reg[10]_i_20     |     0.010 |
|     utilization_reg[10]_i_22     |     0.006 |
|     utilization_reg[10]_i_23     |     0.008 |
|     utilization_reg[10]_i_24     |     0.008 |
|     utilization_reg[10]_i_25     |     0.008 |
|     utilization_reg[10]_i_26     |     0.009 |
|     utilization_reg[10]_i_27     |     0.008 |
|     utilization_reg[10]_i_28     |     0.009 |
|     utilization_reg[10]_i_29     |     0.008 |
|     utilization_reg[10]_i_30     |     0.007 |
|     utilization_reg[10]_i_31     |     0.007 |
|     utilization_reg[10]_i_32     |     0.007 |
|     utilization_reg[10]_i_33     |     0.008 |
|     utilization_reg[10]_i_34     |     0.008 |
|     utilization_reg[10]_i_35     |     0.008 |
|     utilization_reg[10]_i_36     |     0.009 |
|     utilization_reg[10]_i_37     |     0.009 |
|     utilization_reg[10]_i_38     |     0.008 |
|     utilization_reg[10]_i_5      |     0.007 |
|     utilization_reg[10]_i_6      |     0.007 |
|     utilization_reg[10]_i_7      |     0.007 |
|     utilization_reg[10]_i_8      |     0.008 |
|     utilization_reg[10]_i_9      |     0.008 |
|     utilization_reg[11]_i_1      |     0.049 |
|     utilization_reg[11]_i_10     |     0.008 |
|     utilization_reg[11]_i_11     |     0.007 |
|     utilization_reg[11]_i_13     |     0.007 |
|     utilization_reg[11]_i_14     |     0.010 |
|     utilization_reg[11]_i_15     |     0.007 |
|     utilization_reg[11]_i_16     |     0.007 |
|     utilization_reg[11]_i_17     |     0.008 |
|     utilization_reg[11]_i_18     |     0.009 |
|     utilization_reg[11]_i_19     |     0.009 |
|     utilization_reg[11]_i_2      |     0.008 |
|     utilization_reg[11]_i_20     |     0.008 |
|     utilization_reg[11]_i_22     |     0.007 |
|     utilization_reg[11]_i_23     |     0.008 |
|     utilization_reg[11]_i_24     |     0.008 |
|     utilization_reg[11]_i_25     |     0.008 |
|     utilization_reg[11]_i_26     |     0.007 |
|     utilization_reg[11]_i_27     |     0.009 |
|     utilization_reg[11]_i_28     |     0.009 |
|     utilization_reg[11]_i_29     |     0.008 |
|     utilization_reg[11]_i_30     |     0.007 |
|     utilization_reg[11]_i_31     |     0.007 |
|     utilization_reg[11]_i_32     |     0.008 |
|     utilization_reg[11]_i_33     |     0.007 |
|     utilization_reg[11]_i_34     |     0.011 |
|     utilization_reg[11]_i_35     |     0.009 |
|     utilization_reg[11]_i_36     |     0.009 |
|     utilization_reg[11]_i_37     |     0.008 |
|     utilization_reg[11]_i_38     |     0.004 |
|     utilization_reg[11]_i_5      |     0.007 |
|     utilization_reg[11]_i_6      |     0.009 |
|     utilization_reg[11]_i_7      |     0.008 |
|     utilization_reg[11]_i_8      |     0.008 |
|     utilization_reg[11]_i_9      |     0.007 |
|     utilization_reg[12]_i_1      |     0.036 |
|     utilization_reg[12]_i_10     |     0.009 |
|     utilization_reg[12]_i_11     |     0.008 |
|     utilization_reg[12]_i_13     |     0.008 |
|     utilization_reg[12]_i_14     |     0.010 |
|     utilization_reg[12]_i_15     |     0.007 |
|     utilization_reg[12]_i_16     |     0.008 |
|     utilization_reg[12]_i_17     |     0.008 |
|     utilization_reg[12]_i_18     |     0.008 |
|     utilization_reg[12]_i_19     |     0.008 |
|     utilization_reg[12]_i_2      |     0.009 |
|     utilization_reg[12]_i_20     |     0.009 |
|     utilization_reg[12]_i_22     |     0.008 |
|     utilization_reg[12]_i_23     |     0.009 |
|     utilization_reg[12]_i_24     |     0.010 |
|     utilization_reg[12]_i_25     |     0.007 |
|     utilization_reg[12]_i_26     |     0.010 |
|     utilization_reg[12]_i_27     |     0.008 |
|     utilization_reg[12]_i_28     |     0.009 |
|     utilization_reg[12]_i_29     |     0.008 |
|     utilization_reg[12]_i_30     |     0.006 |
|     utilization_reg[12]_i_31     |     0.009 |
|     utilization_reg[12]_i_32     |     0.007 |
|     utilization_reg[12]_i_33     |     0.009 |
|     utilization_reg[12]_i_34     |     0.008 |
|     utilization_reg[12]_i_35     |     0.009 |
|     utilization_reg[12]_i_36     |     0.009 |
|     utilization_reg[12]_i_37     |     0.008 |
|     utilization_reg[12]_i_38     |     0.004 |
|     utilization_reg[12]_i_5      |     0.005 |
|     utilization_reg[12]_i_6      |     0.008 |
|     utilization_reg[12]_i_7      |     0.008 |
|     utilization_reg[12]_i_8      |     0.010 |
|     utilization_reg[12]_i_9      |     0.009 |
|     utilization_reg[13]_i_1      |     0.047 |
|     utilization_reg[13]_i_10     |     0.009 |
|     utilization_reg[13]_i_11     |     0.009 |
|     utilization_reg[13]_i_13     |     0.007 |
|     utilization_reg[13]_i_14     |     0.008 |
|     utilization_reg[13]_i_15     |     0.009 |
|     utilization_reg[13]_i_16     |     0.007 |
|     utilization_reg[13]_i_17     |     0.008 |
|     utilization_reg[13]_i_18     |     0.009 |
|     utilization_reg[13]_i_19     |     0.009 |
|     utilization_reg[13]_i_2      |     0.009 |
|     utilization_reg[13]_i_20     |     0.008 |
|     utilization_reg[13]_i_22     |     0.007 |
|     utilization_reg[13]_i_23     |     0.008 |
|     utilization_reg[13]_i_24     |     0.009 |
|     utilization_reg[13]_i_25     |     0.007 |
|     utilization_reg[13]_i_26     |     0.008 |
|     utilization_reg[13]_i_27     |     0.008 |
|     utilization_reg[13]_i_28     |     0.009 |
|     utilization_reg[13]_i_29     |     0.008 |
|     utilization_reg[13]_i_30     |     0.008 |
|     utilization_reg[13]_i_31     |     0.009 |
|     utilization_reg[13]_i_32     |     0.008 |
|     utilization_reg[13]_i_33     |     0.008 |
|     utilization_reg[13]_i_34     |     0.007 |
|     utilization_reg[13]_i_35     |     0.008 |
|     utilization_reg[13]_i_36     |     0.007 |
|     utilization_reg[13]_i_37     |     0.008 |
|     utilization_reg[13]_i_38     |     0.001 |
|     utilization_reg[13]_i_5      |     0.007 |
|     utilization_reg[13]_i_6      |     0.008 |
|     utilization_reg[13]_i_7      |     0.008 |
|     utilization_reg[13]_i_8      |     0.008 |
|     utilization_reg[13]_i_9      |     0.008 |
|     utilization_reg[14]_i_1      |     0.040 |
|     utilization_reg[14]_i_10     |     0.008 |
|     utilization_reg[14]_i_11     |     0.008 |
|     utilization_reg[14]_i_13     |     0.007 |
|     utilization_reg[14]_i_14     |     0.010 |
|     utilization_reg[14]_i_15     |     0.008 |
|     utilization_reg[14]_i_16     |     0.010 |
|     utilization_reg[14]_i_17     |     0.008 |
|     utilization_reg[14]_i_18     |     0.011 |
|     utilization_reg[14]_i_19     |     0.009 |
|     utilization_reg[14]_i_2      |     0.009 |
|     utilization_reg[14]_i_20     |     0.008 |
|     utilization_reg[14]_i_22     |     0.006 |
|     utilization_reg[14]_i_23     |     0.009 |
|     utilization_reg[14]_i_24     |     0.008 |
|     utilization_reg[14]_i_25     |     0.008 |
|     utilization_reg[14]_i_26     |     0.009 |
|     utilization_reg[14]_i_27     |     0.009 |
|     utilization_reg[14]_i_28     |     0.008 |
|     utilization_reg[14]_i_29     |     0.008 |
|     utilization_reg[14]_i_30     |     0.008 |
|     utilization_reg[14]_i_31     |     0.009 |
|     utilization_reg[14]_i_32     |     0.008 |
|     utilization_reg[14]_i_33     |     0.007 |
|     utilization_reg[14]_i_34     |     0.009 |
|     utilization_reg[14]_i_35     |     0.009 |
|     utilization_reg[14]_i_36     |     0.008 |
|     utilization_reg[14]_i_37     |     0.008 |
|     utilization_reg[14]_i_38     |     0.003 |
|     utilization_reg[14]_i_5      |     0.007 |
|     utilization_reg[14]_i_6      |     0.009 |
|     utilization_reg[14]_i_7      |     0.008 |
|     utilization_reg[14]_i_8      |     0.009 |
|     utilization_reg[14]_i_9      |     0.008 |
|     utilization_reg[15]_i_1      |     0.050 |
|     utilization_reg[15]_i_10     |     0.010 |
|     utilization_reg[15]_i_11     |     0.009 |
|     utilization_reg[15]_i_13     |     0.008 |
|     utilization_reg[15]_i_14     |     0.008 |
|     utilization_reg[15]_i_15     |     0.008 |
|     utilization_reg[15]_i_16     |     0.009 |
|     utilization_reg[15]_i_17     |     0.008 |
|     utilization_reg[15]_i_18     |     0.009 |
|     utilization_reg[15]_i_19     |     0.008 |
|     utilization_reg[15]_i_2      |     0.010 |
|     utilization_reg[15]_i_20     |     0.009 |
|     utilization_reg[15]_i_22     |     0.007 |
|     utilization_reg[15]_i_23     |     0.008 |
|     utilization_reg[15]_i_24     |     0.008 |
|     utilization_reg[15]_i_25     |     0.010 |
|     utilization_reg[15]_i_26     |     0.008 |
|     utilization_reg[15]_i_27     |     0.008 |
|     utilization_reg[15]_i_28     |     0.010 |
|     utilization_reg[15]_i_29     |     0.009 |
|     utilization_reg[15]_i_30     |     0.007 |
|     utilization_reg[15]_i_31     |     0.008 |
|     utilization_reg[15]_i_32     |     0.009 |
|     utilization_reg[15]_i_33     |     0.009 |
|     utilization_reg[15]_i_34     |     0.009 |
|     utilization_reg[15]_i_35     |     0.008 |
|     utilization_reg[15]_i_36     |     0.008 |
|     utilization_reg[15]_i_37     |     0.009 |
|     utilization_reg[15]_i_38     |     0.004 |
|     utilization_reg[15]_i_5      |     0.008 |
|     utilization_reg[15]_i_6      |     0.008 |
|     utilization_reg[15]_i_7      |     0.009 |
|     utilization_reg[15]_i_8      |     0.009 |
|     utilization_reg[15]_i_9      |     0.010 |
|     utilization_reg[16]_i_1      |     0.039 |
|     utilization_reg[16]_i_10     |     0.008 |
|     utilization_reg[16]_i_11     |     0.008 |
|     utilization_reg[16]_i_13     |     0.008 |
|     utilization_reg[16]_i_14     |     0.007 |
|     utilization_reg[16]_i_15     |     0.008 |
|     utilization_reg[16]_i_16     |     0.009 |
|     utilization_reg[16]_i_17     |     0.009 |
|     utilization_reg[16]_i_18     |     0.008 |
|     utilization_reg[16]_i_19     |     0.008 |
|     utilization_reg[16]_i_2      |     0.008 |
|     utilization_reg[16]_i_20     |     0.009 |
|     utilization_reg[16]_i_22     |     0.008 |
|     utilization_reg[16]_i_23     |     0.008 |
|     utilization_reg[16]_i_24     |     0.009 |
|     utilization_reg[16]_i_25     |     0.009 |
|     utilization_reg[16]_i_26     |     0.009 |
|     utilization_reg[16]_i_27     |     0.008 |
|     utilization_reg[16]_i_28     |     0.008 |
|     utilization_reg[16]_i_29     |     0.010 |
|     utilization_reg[16]_i_30     |     0.007 |
|     utilization_reg[16]_i_31     |     0.007 |
|     utilization_reg[16]_i_32     |     0.007 |
|     utilization_reg[16]_i_33     |     0.009 |
|     utilization_reg[16]_i_34     |     0.007 |
|     utilization_reg[16]_i_35     |     0.008 |
|     utilization_reg[16]_i_36     |     0.008 |
|     utilization_reg[16]_i_37     |     0.010 |
|     utilization_reg[16]_i_38     |     0.004 |
|     utilization_reg[16]_i_5      |     0.008 |
|     utilization_reg[16]_i_6      |     0.007 |
|     utilization_reg[16]_i_7      |     0.008 |
|     utilization_reg[16]_i_8      |     0.009 |
|     utilization_reg[16]_i_9      |     0.008 |
|     utilization_reg[17]_i_1      |     0.054 |
|     utilization_reg[17]_i_10     |     0.009 |
|     utilization_reg[17]_i_11     |     0.007 |
|     utilization_reg[17]_i_13     |     0.008 |
|     utilization_reg[17]_i_14     |     0.008 |
|     utilization_reg[17]_i_15     |     0.009 |
|     utilization_reg[17]_i_16     |     0.008 |
|     utilization_reg[17]_i_17     |     0.011 |
|     utilization_reg[17]_i_18     |     0.009 |
|     utilization_reg[17]_i_19     |     0.009 |
|     utilization_reg[17]_i_2      |     0.010 |
|     utilization_reg[17]_i_20     |     0.008 |
|     utilization_reg[17]_i_22     |     0.008 |
|     utilization_reg[17]_i_23     |     0.008 |
|     utilization_reg[17]_i_24     |     0.008 |
|     utilization_reg[17]_i_25     |     0.010 |
|     utilization_reg[17]_i_26     |     0.009 |
|     utilization_reg[17]_i_27     |     0.009 |
|     utilization_reg[17]_i_28     |     0.009 |
|     utilization_reg[17]_i_29     |     0.009 |
|     utilization_reg[17]_i_30     |     0.007 |
|     utilization_reg[17]_i_31     |     0.007 |
|     utilization_reg[17]_i_32     |     0.008 |
|     utilization_reg[17]_i_33     |     0.009 |
|     utilization_reg[17]_i_34     |     0.009 |
|     utilization_reg[17]_i_35     |     0.009 |
|     utilization_reg[17]_i_36     |     0.008 |
|     utilization_reg[17]_i_37     |     0.008 |
|     utilization_reg[17]_i_38     |     0.003 |
|     utilization_reg[17]_i_5      |     0.008 |
|     utilization_reg[17]_i_6      |     0.008 |
|     utilization_reg[17]_i_7      |     0.009 |
|     utilization_reg[17]_i_8      |     0.009 |
|     utilization_reg[17]_i_9      |     0.009 |
|     utilization_reg[18]_i_1      |     0.040 |
|     utilization_reg[18]_i_10     |     0.009 |
|     utilization_reg[18]_i_11     |     0.009 |
|     utilization_reg[18]_i_13     |     0.008 |
|     utilization_reg[18]_i_14     |     0.008 |
|     utilization_reg[18]_i_15     |     0.008 |
|     utilization_reg[18]_i_16     |     0.010 |
|     utilization_reg[18]_i_17     |     0.009 |
|     utilization_reg[18]_i_18     |     0.008 |
|     utilization_reg[18]_i_19     |     0.009 |
|     utilization_reg[18]_i_2      |     0.009 |
|     utilization_reg[18]_i_20     |     0.008 |
|     utilization_reg[18]_i_22     |     0.007 |
|     utilization_reg[18]_i_23     |     0.009 |
|     utilization_reg[18]_i_24     |     0.008 |
|     utilization_reg[18]_i_25     |     0.009 |
|     utilization_reg[18]_i_26     |     0.009 |
|     utilization_reg[18]_i_27     |     0.008 |
|     utilization_reg[18]_i_28     |     0.008 |
|     utilization_reg[18]_i_29     |     0.009 |
|     utilization_reg[18]_i_30     |     0.007 |
|     utilization_reg[18]_i_31     |     0.008 |
|     utilization_reg[18]_i_32     |     0.007 |
|     utilization_reg[18]_i_33     |     0.009 |
|     utilization_reg[18]_i_34     |     0.008 |
|     utilization_reg[18]_i_35     |     0.008 |
|     utilization_reg[18]_i_36     |     0.009 |
|     utilization_reg[18]_i_37     |     0.009 |
|     utilization_reg[18]_i_38     |     0.004 |
|     utilization_reg[18]_i_5      |     0.008 |
|     utilization_reg[18]_i_6      |     0.007 |
|     utilization_reg[18]_i_7      |     0.008 |
|     utilization_reg[18]_i_8      |     0.009 |
|     utilization_reg[18]_i_9      |     0.008 |
|     utilization_reg[19]_i_1      |     0.055 |
|     utilization_reg[19]_i_10     |     0.008 |
|     utilization_reg[19]_i_11     |     0.008 |
|     utilization_reg[19]_i_13     |     0.007 |
|     utilization_reg[19]_i_14     |     0.008 |
|     utilization_reg[19]_i_15     |     0.008 |
|     utilization_reg[19]_i_16     |     0.010 |
|     utilization_reg[19]_i_17     |     0.009 |
|     utilization_reg[19]_i_18     |     0.010 |
|     utilization_reg[19]_i_19     |     0.009 |
|     utilization_reg[19]_i_2      |     0.012 |
|     utilization_reg[19]_i_20     |     0.008 |
|     utilization_reg[19]_i_22     |     0.006 |
|     utilization_reg[19]_i_23     |     0.009 |
|     utilization_reg[19]_i_24     |     0.008 |
|     utilization_reg[19]_i_25     |     0.009 |
|     utilization_reg[19]_i_26     |     0.009 |
|     utilization_reg[19]_i_27     |     0.009 |
|     utilization_reg[19]_i_28     |     0.007 |
|     utilization_reg[19]_i_29     |     0.009 |
|     utilization_reg[19]_i_30     |     0.006 |
|     utilization_reg[19]_i_31     |     0.009 |
|     utilization_reg[19]_i_32     |     0.009 |
|     utilization_reg[19]_i_33     |     0.009 |
|     utilization_reg[19]_i_34     |     0.009 |
|     utilization_reg[19]_i_35     |     0.008 |
|     utilization_reg[19]_i_36     |     0.009 |
|     utilization_reg[19]_i_37     |     0.008 |
|     utilization_reg[19]_i_38     |     0.003 |
|     utilization_reg[19]_i_5      |     0.008 |
|     utilization_reg[19]_i_6      |     0.008 |
|     utilization_reg[19]_i_7      |     0.009 |
|     utilization_reg[19]_i_8      |     0.009 |
|     utilization_reg[19]_i_9      |     0.008 |
|     utilization_reg[1]_i_1       |     0.054 |
|     utilization_reg[1]_i_10      |     0.008 |
|     utilization_reg[1]_i_11      |     0.008 |
|     utilization_reg[1]_i_13      |     0.007 |
|     utilization_reg[1]_i_14      |     0.007 |
|     utilization_reg[1]_i_15      |     0.008 |
|     utilization_reg[1]_i_16      |     0.008 |
|     utilization_reg[1]_i_17      |     0.008 |
|     utilization_reg[1]_i_18      |     0.008 |
|     utilization_reg[1]_i_19      |     0.008 |
|     utilization_reg[1]_i_2       |     0.008 |
|     utilization_reg[1]_i_20      |     0.008 |
|     utilization_reg[1]_i_22      |     0.007 |
|     utilization_reg[1]_i_23      |     0.010 |
|     utilization_reg[1]_i_24      |     0.008 |
|     utilization_reg[1]_i_25      |     0.008 |
|     utilization_reg[1]_i_26      |     0.008 |
|     utilization_reg[1]_i_27      |     0.008 |
|     utilization_reg[1]_i_28      |     0.009 |
|     utilization_reg[1]_i_29      |     0.008 |
|     utilization_reg[1]_i_30      |     0.006 |
|     utilization_reg[1]_i_31      |     0.007 |
|     utilization_reg[1]_i_32      |     0.007 |
|     utilization_reg[1]_i_33      |     0.008 |
|     utilization_reg[1]_i_34      |     0.007 |
|     utilization_reg[1]_i_35      |     0.009 |
|     utilization_reg[1]_i_36      |     0.008 |
|     utilization_reg[1]_i_37      |     0.008 |
|     utilization_reg[1]_i_5       |     0.007 |
|     utilization_reg[1]_i_6       |     0.008 |
|     utilization_reg[1]_i_7       |     0.008 |
|     utilization_reg[1]_i_8       |     0.008 |
|     utilization_reg[1]_i_9       |     0.009 |
|     utilization_reg[20]_i_1      |     0.058 |
|     utilization_reg[20]_i_10     |     0.009 |
|     utilization_reg[20]_i_11     |     0.011 |
|     utilization_reg[20]_i_13     |     0.008 |
|     utilization_reg[20]_i_14     |     0.010 |
|     utilization_reg[20]_i_15     |     0.009 |
|     utilization_reg[20]_i_16     |     0.008 |
|     utilization_reg[20]_i_17     |     0.011 |
|     utilization_reg[20]_i_18     |     0.007 |
|     utilization_reg[20]_i_19     |     0.010 |
|     utilization_reg[20]_i_2      |     0.009 |
|     utilization_reg[20]_i_20     |     0.008 |
|     utilization_reg[20]_i_22     |     0.009 |
|     utilization_reg[20]_i_23     |     0.009 |
|     utilization_reg[20]_i_24     |     0.010 |
|     utilization_reg[20]_i_25     |     0.009 |
|     utilization_reg[20]_i_26     |     0.009 |
|     utilization_reg[20]_i_27     |     0.008 |
|     utilization_reg[20]_i_28     |     0.010 |
|     utilization_reg[20]_i_29     |     0.010 |
|     utilization_reg[20]_i_30     |     0.010 |
|     utilization_reg[20]_i_31     |     0.010 |
|     utilization_reg[20]_i_32     |     0.010 |
|     utilization_reg[20]_i_33     |     0.009 |
|     utilization_reg[20]_i_34     |     0.007 |
|     utilization_reg[20]_i_35     |     0.009 |
|     utilization_reg[20]_i_36     |     0.010 |
|     utilization_reg[20]_i_37     |     0.008 |
|     utilization_reg[20]_i_38     |     0.003 |
|     utilization_reg[20]_i_5      |     0.008 |
|     utilization_reg[20]_i_6      |     0.010 |
|     utilization_reg[20]_i_7      |     0.009 |
|     utilization_reg[20]_i_8      |     0.009 |
|     utilization_reg[20]_i_9      |     0.008 |
|     utilization_reg[21]_i_1      |     0.051 |
|     utilization_reg[21]_i_10     |     0.007 |
|     utilization_reg[21]_i_11     |     0.008 |
|     utilization_reg[21]_i_13     |     0.008 |
|     utilization_reg[21]_i_14     |     0.009 |
|     utilization_reg[21]_i_15     |     0.011 |
|     utilization_reg[21]_i_16     |     0.012 |
|     utilization_reg[21]_i_17     |     0.008 |
|     utilization_reg[21]_i_18     |     0.007 |
|     utilization_reg[21]_i_19     |     0.008 |
|     utilization_reg[21]_i_2      |     0.009 |
|     utilization_reg[21]_i_20     |     0.008 |
|     utilization_reg[21]_i_22     |     0.007 |
|     utilization_reg[21]_i_23     |     0.010 |
|     utilization_reg[21]_i_24     |     0.009 |
|     utilization_reg[21]_i_25     |     0.009 |
|     utilization_reg[21]_i_26     |     0.007 |
|     utilization_reg[21]_i_27     |     0.008 |
|     utilization_reg[21]_i_28     |     0.007 |
|     utilization_reg[21]_i_29     |     0.008 |
|     utilization_reg[21]_i_30     |     0.007 |
|     utilization_reg[21]_i_31     |     0.008 |
|     utilization_reg[21]_i_32     |     0.007 |
|     utilization_reg[21]_i_33     |     0.008 |
|     utilization_reg[21]_i_34     |     0.007 |
|     utilization_reg[21]_i_35     |     0.007 |
|     utilization_reg[21]_i_36     |     0.008 |
|     utilization_reg[21]_i_37     |     0.009 |
|     utilization_reg[21]_i_38     |     0.001 |
|     utilization_reg[21]_i_5      |     0.008 |
|     utilization_reg[21]_i_6      |     0.007 |
|     utilization_reg[21]_i_7      |     0.008 |
|     utilization_reg[21]_i_8      |     0.009 |
|     utilization_reg[21]_i_9      |     0.008 |
|     utilization_reg[22]_i_1      |     0.049 |
|     utilization_reg[22]_i_10     |     0.007 |
|     utilization_reg[22]_i_11     |     0.008 |
|     utilization_reg[22]_i_13     |     0.007 |
|     utilization_reg[22]_i_14     |     0.008 |
|     utilization_reg[22]_i_15     |     0.008 |
|     utilization_reg[22]_i_16     |     0.009 |
|     utilization_reg[22]_i_17     |     0.008 |
|     utilization_reg[22]_i_18     |     0.008 |
|     utilization_reg[22]_i_19     |     0.009 |
|     utilization_reg[22]_i_2      |     0.009 |
|     utilization_reg[22]_i_20     |     0.009 |
|     utilization_reg[22]_i_22     |     0.008 |
|     utilization_reg[22]_i_23     |     0.008 |
|     utilization_reg[22]_i_24     |     0.007 |
|     utilization_reg[22]_i_25     |     0.009 |
|     utilization_reg[22]_i_26     |     0.007 |
|     utilization_reg[22]_i_27     |     0.008 |
|     utilization_reg[22]_i_28     |     0.009 |
|     utilization_reg[22]_i_29     |     0.009 |
|     utilization_reg[22]_i_30     |     0.006 |
|     utilization_reg[22]_i_31     |     0.008 |
|     utilization_reg[22]_i_32     |     0.008 |
|     utilization_reg[22]_i_33     |     0.009 |
|     utilization_reg[22]_i_34     |     0.008 |
|     utilization_reg[22]_i_35     |     0.008 |
|     utilization_reg[22]_i_36     |     0.009 |
|     utilization_reg[22]_i_37     |     0.009 |
|     utilization_reg[22]_i_38     |     0.003 |
|     utilization_reg[22]_i_5      |     0.008 |
|     utilization_reg[22]_i_6      |     0.010 |
|     utilization_reg[22]_i_7      |     0.008 |
|     utilization_reg[22]_i_8      |     0.009 |
|     utilization_reg[22]_i_9      |     0.008 |
|     utilization_reg[23]_i_1      |     0.044 |
|     utilization_reg[23]_i_10     |     0.009 |
|     utilization_reg[23]_i_11     |     0.008 |
|     utilization_reg[23]_i_13     |     0.007 |
|     utilization_reg[23]_i_14     |     0.007 |
|     utilization_reg[23]_i_15     |     0.007 |
|     utilization_reg[23]_i_16     |     0.008 |
|     utilization_reg[23]_i_17     |     0.009 |
|     utilization_reg[23]_i_18     |     0.009 |
|     utilization_reg[23]_i_19     |     0.008 |
|     utilization_reg[23]_i_2      |     0.011 |
|     utilization_reg[23]_i_20     |     0.009 |
|     utilization_reg[23]_i_22     |     0.007 |
|     utilization_reg[23]_i_23     |     0.009 |
|     utilization_reg[23]_i_24     |     0.007 |
|     utilization_reg[23]_i_25     |     0.009 |
|     utilization_reg[23]_i_26     |     0.009 |
|     utilization_reg[23]_i_27     |     0.009 |
|     utilization_reg[23]_i_28     |     0.009 |
|     utilization_reg[23]_i_29     |     0.008 |
|     utilization_reg[23]_i_30     |     0.007 |
|     utilization_reg[23]_i_31     |     0.007 |
|     utilization_reg[23]_i_32     |     0.007 |
|     utilization_reg[23]_i_33     |     0.008 |
|     utilization_reg[23]_i_34     |     0.009 |
|     utilization_reg[23]_i_35     |     0.009 |
|     utilization_reg[23]_i_36     |     0.008 |
|     utilization_reg[23]_i_37     |     0.008 |
|     utilization_reg[23]_i_38     |     0.003 |
|     utilization_reg[23]_i_5      |     0.007 |
|     utilization_reg[23]_i_6      |     0.007 |
|     utilization_reg[23]_i_7      |     0.008 |
|     utilization_reg[23]_i_8      |     0.008 |
|     utilization_reg[23]_i_9      |     0.008 |
|     utilization_reg[24]_i_1      |     0.042 |
|     utilization_reg[24]_i_10     |     0.009 |
|     utilization_reg[24]_i_11     |     0.010 |
|     utilization_reg[24]_i_13     |     0.009 |
|     utilization_reg[24]_i_14     |     0.007 |
|     utilization_reg[24]_i_15     |     0.011 |
|     utilization_reg[24]_i_16     |     0.010 |
|     utilization_reg[24]_i_17     |     0.011 |
|     utilization_reg[24]_i_18     |     0.009 |
|     utilization_reg[24]_i_19     |     0.011 |
|     utilization_reg[24]_i_2      |     0.009 |
|     utilization_reg[24]_i_20     |     0.009 |
|     utilization_reg[24]_i_22     |     0.009 |
|     utilization_reg[24]_i_23     |     0.007 |
|     utilization_reg[24]_i_24     |     0.011 |
|     utilization_reg[24]_i_25     |     0.010 |
|     utilization_reg[24]_i_26     |     0.011 |
|     utilization_reg[24]_i_27     |     0.011 |
|     utilization_reg[24]_i_28     |     0.010 |
|     utilization_reg[24]_i_29     |     0.010 |
|     utilization_reg[24]_i_30     |     0.009 |
|     utilization_reg[24]_i_31     |     0.007 |
|     utilization_reg[24]_i_32     |     0.010 |
|     utilization_reg[24]_i_33     |     0.009 |
|     utilization_reg[24]_i_34     |     0.010 |
|     utilization_reg[24]_i_35     |     0.010 |
|     utilization_reg[24]_i_36     |     0.011 |
|     utilization_reg[24]_i_37     |     0.010 |
|     utilization_reg[24]_i_38     |     0.002 |
|     utilization_reg[24]_i_5      |     0.010 |
|     utilization_reg[24]_i_6      |     0.008 |
|     utilization_reg[24]_i_7      |     0.011 |
|     utilization_reg[24]_i_8      |     0.011 |
|     utilization_reg[24]_i_9      |     0.010 |
|     utilization_reg[25]_i_1      |     0.057 |
|     utilization_reg[25]_i_10     |     0.008 |
|     utilization_reg[25]_i_11     |     0.008 |
|     utilization_reg[25]_i_13     |     0.007 |
|     utilization_reg[25]_i_14     |     0.008 |
|     utilization_reg[25]_i_15     |     0.008 |
|     utilization_reg[25]_i_16     |     0.009 |
|     utilization_reg[25]_i_17     |     0.011 |
|     utilization_reg[25]_i_18     |     0.009 |
|     utilization_reg[25]_i_19     |     0.009 |
|     utilization_reg[25]_i_2      |     0.009 |
|     utilization_reg[25]_i_20     |     0.010 |
|     utilization_reg[25]_i_22     |     0.007 |
|     utilization_reg[25]_i_23     |     0.008 |
|     utilization_reg[25]_i_24     |     0.008 |
|     utilization_reg[25]_i_25     |     0.009 |
|     utilization_reg[25]_i_26     |     0.008 |
|     utilization_reg[25]_i_27     |     0.010 |
|     utilization_reg[25]_i_28     |     0.010 |
|     utilization_reg[25]_i_29     |     0.008 |
|     utilization_reg[25]_i_30     |     0.007 |
|     utilization_reg[25]_i_31     |     0.008 |
|     utilization_reg[25]_i_32     |     0.009 |
|     utilization_reg[25]_i_33     |     0.009 |
|     utilization_reg[25]_i_34     |     0.009 |
|     utilization_reg[25]_i_35     |     0.010 |
|     utilization_reg[25]_i_36     |     0.010 |
|     utilization_reg[25]_i_37     |     0.009 |
|     utilization_reg[25]_i_38     |     0.003 |
|     utilization_reg[25]_i_5      |     0.007 |
|     utilization_reg[25]_i_6      |     0.008 |
|     utilization_reg[25]_i_7      |     0.009 |
|     utilization_reg[25]_i_8      |     0.010 |
|     utilization_reg[25]_i_9      |     0.010 |
|     utilization_reg[26]_i_1      |     0.042 |
|     utilization_reg[26]_i_10     |     0.009 |
|     utilization_reg[26]_i_11     |     0.008 |
|     utilization_reg[26]_i_13     |     0.008 |
|     utilization_reg[26]_i_14     |     0.010 |
|     utilization_reg[26]_i_15     |     0.008 |
|     utilization_reg[26]_i_16     |     0.009 |
|     utilization_reg[26]_i_17     |     0.009 |
|     utilization_reg[26]_i_18     |     0.009 |
|     utilization_reg[26]_i_19     |     0.009 |
|     utilization_reg[26]_i_2      |     0.009 |
|     utilization_reg[26]_i_20     |     0.009 |
|     utilization_reg[26]_i_22     |     0.008 |
|     utilization_reg[26]_i_23     |     0.009 |
|     utilization_reg[26]_i_24     |     0.009 |
|     utilization_reg[26]_i_25     |     0.008 |
|     utilization_reg[26]_i_26     |     0.009 |
|     utilization_reg[26]_i_27     |     0.008 |
|     utilization_reg[26]_i_28     |     0.009 |
|     utilization_reg[26]_i_29     |     0.008 |
|     utilization_reg[26]_i_30     |     0.005 |
|     utilization_reg[26]_i_31     |     0.009 |
|     utilization_reg[26]_i_32     |     0.008 |
|     utilization_reg[26]_i_33     |     0.009 |
|     utilization_reg[26]_i_34     |     0.009 |
|     utilization_reg[26]_i_35     |     0.008 |
|     utilization_reg[26]_i_36     |     0.009 |
|     utilization_reg[26]_i_37     |     0.008 |
|     utilization_reg[26]_i_38     |     0.003 |
|     utilization_reg[26]_i_5      |     0.006 |
|     utilization_reg[26]_i_6      |     0.009 |
|     utilization_reg[26]_i_7      |     0.009 |
|     utilization_reg[26]_i_8      |     0.009 |
|     utilization_reg[26]_i_9      |     0.009 |
|     utilization_reg[27]_i_1      |     0.054 |
|     utilization_reg[27]_i_10     |     0.008 |
|     utilization_reg[27]_i_11     |     0.008 |
|     utilization_reg[27]_i_13     |     0.006 |
|     utilization_reg[27]_i_14     |     0.007 |
|     utilization_reg[27]_i_15     |     0.009 |
|     utilization_reg[27]_i_16     |     0.009 |
|     utilization_reg[27]_i_17     |     0.007 |
|     utilization_reg[27]_i_18     |     0.009 |
|     utilization_reg[27]_i_19     |     0.007 |
|     utilization_reg[27]_i_2      |     0.008 |
|     utilization_reg[27]_i_20     |     0.008 |
|     utilization_reg[27]_i_22     |     0.007 |
|     utilization_reg[27]_i_23     |     0.007 |
|     utilization_reg[27]_i_24     |     0.007 |
|     utilization_reg[27]_i_25     |     0.010 |
|     utilization_reg[27]_i_26     |     0.009 |
|     utilization_reg[27]_i_27     |     0.008 |
|     utilization_reg[27]_i_28     |     0.008 |
|     utilization_reg[27]_i_29     |     0.009 |
|     utilization_reg[27]_i_30     |     0.006 |
|     utilization_reg[27]_i_31     |     0.007 |
|     utilization_reg[27]_i_32     |     0.008 |
|     utilization_reg[27]_i_33     |     0.009 |
|     utilization_reg[27]_i_34     |     0.008 |
|     utilization_reg[27]_i_35     |     0.008 |
|     utilization_reg[27]_i_36     |     0.008 |
|     utilization_reg[27]_i_37     |     0.010 |
|     utilization_reg[27]_i_38     |     0.003 |
|     utilization_reg[27]_i_5      |     0.007 |
|     utilization_reg[27]_i_6      |     0.007 |
|     utilization_reg[27]_i_7      |     0.008 |
|     utilization_reg[27]_i_8      |     0.009 |
|     utilization_reg[27]_i_9      |     0.009 |
|     utilization_reg[28]_i_1      |     0.049 |
|     utilization_reg[28]_i_10     |     0.010 |
|     utilization_reg[28]_i_11     |     0.009 |
|     utilization_reg[28]_i_13     |     0.007 |
|     utilization_reg[28]_i_14     |     0.009 |
|     utilization_reg[28]_i_15     |     0.008 |
|     utilization_reg[28]_i_16     |     0.009 |
|     utilization_reg[28]_i_17     |     0.009 |
|     utilization_reg[28]_i_18     |     0.009 |
|     utilization_reg[28]_i_19     |     0.009 |
|     utilization_reg[28]_i_2      |     0.009 |
|     utilization_reg[28]_i_20     |     0.007 |
|     utilization_reg[28]_i_22     |     0.009 |
|     utilization_reg[28]_i_23     |     0.008 |
|     utilization_reg[28]_i_24     |     0.009 |
|     utilization_reg[28]_i_25     |     0.008 |
|     utilization_reg[28]_i_26     |     0.007 |
|     utilization_reg[28]_i_27     |     0.009 |
|     utilization_reg[28]_i_28     |     0.010 |
|     utilization_reg[28]_i_29     |     0.008 |
|     utilization_reg[28]_i_30     |     0.007 |
|     utilization_reg[28]_i_31     |     0.008 |
|     utilization_reg[28]_i_32     |     0.009 |
|     utilization_reg[28]_i_33     |     0.010 |
|     utilization_reg[28]_i_34     |     0.009 |
|     utilization_reg[28]_i_35     |     0.009 |
|     utilization_reg[28]_i_36     |     0.009 |
|     utilization_reg[28]_i_37     |     0.008 |
|     utilization_reg[28]_i_38     |     0.003 |
|     utilization_reg[28]_i_5      |     0.008 |
|     utilization_reg[28]_i_6      |     0.009 |
|     utilization_reg[28]_i_7      |     0.009 |
|     utilization_reg[28]_i_8      |     0.010 |
|     utilization_reg[28]_i_9      |     0.009 |
|     utilization_reg[29]_i_1      |     0.052 |
|     utilization_reg[29]_i_10     |     0.009 |
|     utilization_reg[29]_i_11     |     0.008 |
|     utilization_reg[29]_i_13     |     0.006 |
|     utilization_reg[29]_i_14     |     0.008 |
|     utilization_reg[29]_i_15     |     0.007 |
|     utilization_reg[29]_i_16     |     0.009 |
|     utilization_reg[29]_i_17     |     0.007 |
|     utilization_reg[29]_i_18     |     0.008 |
|     utilization_reg[29]_i_19     |     0.006 |
|     utilization_reg[29]_i_2      |     0.007 |
|     utilization_reg[29]_i_20     |     0.008 |
|     utilization_reg[29]_i_22     |     0.006 |
|     utilization_reg[29]_i_23     |     0.007 |
|     utilization_reg[29]_i_24     |     0.008 |
|     utilization_reg[29]_i_25     |     0.008 |
|     utilization_reg[29]_i_26     |     0.007 |
|     utilization_reg[29]_i_27     |     0.007 |
|     utilization_reg[29]_i_28     |     0.007 |
|     utilization_reg[29]_i_29     |     0.008 |
|     utilization_reg[29]_i_30     |     0.009 |
|     utilization_reg[29]_i_31     |     0.009 |
|     utilization_reg[29]_i_32     |     0.006 |
|     utilization_reg[29]_i_33     |     0.008 |
|     utilization_reg[29]_i_34     |     0.006 |
|     utilization_reg[29]_i_35     |     0.007 |
|     utilization_reg[29]_i_36     |     0.007 |
|     utilization_reg[29]_i_37     |     0.008 |
|     utilization_reg[29]_i_38     |     0.003 |
|     utilization_reg[29]_i_5      |     0.006 |
|     utilization_reg[29]_i_6      |     0.007 |
|     utilization_reg[29]_i_7      |     0.006 |
|     utilization_reg[29]_i_8      |     0.008 |
|     utilization_reg[29]_i_9      |     0.006 |
|     utilization_reg[2]_i_1       |     0.048 |
|     utilization_reg[2]_i_10      |     0.009 |
|     utilization_reg[2]_i_11      |     0.008 |
|     utilization_reg[2]_i_13      |     0.007 |
|     utilization_reg[2]_i_14      |     0.008 |
|     utilization_reg[2]_i_15      |     0.008 |
|     utilization_reg[2]_i_16      |     0.009 |
|     utilization_reg[2]_i_17      |     0.008 |
|     utilization_reg[2]_i_18      |     0.007 |
|     utilization_reg[2]_i_19      |     0.008 |
|     utilization_reg[2]_i_2       |     0.009 |
|     utilization_reg[2]_i_20      |     0.007 |
|     utilization_reg[2]_i_22      |     0.006 |
|     utilization_reg[2]_i_23      |     0.006 |
|     utilization_reg[2]_i_24      |     0.007 |
|     utilization_reg[2]_i_25      |     0.008 |
|     utilization_reg[2]_i_26      |     0.007 |
|     utilization_reg[2]_i_27      |     0.007 |
|     utilization_reg[2]_i_28      |     0.009 |
|     utilization_reg[2]_i_29      |     0.008 |
|     utilization_reg[2]_i_30      |     0.007 |
|     utilization_reg[2]_i_31      |     0.006 |
|     utilization_reg[2]_i_32      |     0.007 |
|     utilization_reg[2]_i_33      |     0.007 |
|     utilization_reg[2]_i_34      |     0.007 |
|     utilization_reg[2]_i_35      |     0.007 |
|     utilization_reg[2]_i_36      |     0.009 |
|     utilization_reg[2]_i_37      |     0.009 |
|     utilization_reg[2]_i_5       |     0.006 |
|     utilization_reg[2]_i_6       |     0.006 |
|     utilization_reg[2]_i_7       |     0.008 |
|     utilization_reg[2]_i_8       |     0.009 |
|     utilization_reg[2]_i_9       |     0.008 |
|     utilization_reg[30]_i_1      |     0.045 |
|     utilization_reg[30]_i_10     |     0.007 |
|     utilization_reg[30]_i_12     |     0.003 |
|     utilization_reg[30]_i_13     |     0.005 |
|     utilization_reg[30]_i_14     |     0.005 |
|     utilization_reg[30]_i_15     |     0.006 |
|     utilization_reg[30]_i_16     |     0.003 |
|     utilization_reg[30]_i_17     |     0.004 |
|     utilization_reg[30]_i_18     |     0.003 |
|     utilization_reg[30]_i_19     |     0.004 |
|     utilization_reg[30]_i_21     |     0.003 |
|     utilization_reg[30]_i_22     |     0.005 |
|     utilization_reg[30]_i_23     |     0.005 |
|     utilization_reg[30]_i_24     |     0.006 |
|     utilization_reg[30]_i_25     |     0.003 |
|     utilization_reg[30]_i_26     |     0.004 |
|     utilization_reg[30]_i_27     |     0.003 |
|     utilization_reg[30]_i_28     |     0.004 |
|     utilization_reg[30]_i_29     |     0.004 |
|     utilization_reg[30]_i_30     |     0.003 |
|     utilization_reg[30]_i_31     |     0.002 |
|     utilization_reg[30]_i_32     |     0.002 |
|     utilization_reg[30]_i_33     |     0.005 |
|     utilization_reg[30]_i_34     |     0.003 |
|     utilization_reg[30]_i_35     |     0.004 |
|     utilization_reg[30]_i_36     |     0.005 |
|     utilization_reg[30]_i_37     |     0.004 |
|     utilization_reg[30]_i_4      |     0.004 |
|     utilization_reg[30]_i_5      |     0.005 |
|     utilization_reg[30]_i_6      |     0.005 |
|     utilization_reg[30]_i_7      |     0.006 |
|     utilization_reg[30]_i_8      |     0.006 |
|     utilization_reg[30]_i_9      |     0.006 |
|     utilization_reg[31]_i_36     |     0.002 |
|     utilization_reg[31]_i_39     |     0.001 |
|     utilization_reg[31]_i_40     |     0.002 |
|     utilization_reg[31]_i_41     |     0.002 |
|     utilization_reg[31]_i_44     |     0.002 |
|     utilization_reg[3]_i_1       |     0.045 |
|     utilization_reg[3]_i_10      |     0.008 |
|     utilization_reg[3]_i_11      |     0.008 |
|     utilization_reg[3]_i_13      |     0.007 |
|     utilization_reg[3]_i_14      |     0.008 |
|     utilization_reg[3]_i_15      |     0.009 |
|     utilization_reg[3]_i_16      |     0.009 |
|     utilization_reg[3]_i_17      |     0.008 |
|     utilization_reg[3]_i_18      |     0.009 |
|     utilization_reg[3]_i_19      |     0.009 |
|     utilization_reg[3]_i_2       |     0.008 |
|     utilization_reg[3]_i_20      |     0.009 |
|     utilization_reg[3]_i_22      |     0.006 |
|     utilization_reg[3]_i_23      |     0.008 |
|     utilization_reg[3]_i_24      |     0.009 |
|     utilization_reg[3]_i_25      |     0.009 |
|     utilization_reg[3]_i_26      |     0.008 |
|     utilization_reg[3]_i_27      |     0.009 |
|     utilization_reg[3]_i_28      |     0.009 |
|     utilization_reg[3]_i_29      |     0.009 |
|     utilization_reg[3]_i_30      |     0.006 |
|     utilization_reg[3]_i_31      |     0.008 |
|     utilization_reg[3]_i_32      |     0.009 |
|     utilization_reg[3]_i_33      |     0.009 |
|     utilization_reg[3]_i_34      |     0.008 |
|     utilization_reg[3]_i_35      |     0.009 |
|     utilization_reg[3]_i_36      |     0.009 |
|     utilization_reg[3]_i_37      |     0.009 |
|     utilization_reg[3]_i_5       |     0.009 |
|     utilization_reg[3]_i_6       |     0.008 |
|     utilization_reg[3]_i_7       |     0.009 |
|     utilization_reg[3]_i_8       |     0.009 |
|     utilization_reg[3]_i_9       |     0.007 |
|     utilization_reg[4]_i_1       |     0.054 |
|     utilization_reg[4]_i_10      |     0.008 |
|     utilization_reg[4]_i_11      |     0.008 |
|     utilization_reg[4]_i_13      |     0.007 |
|     utilization_reg[4]_i_14      |     0.008 |
|     utilization_reg[4]_i_15      |     0.009 |
|     utilization_reg[4]_i_16      |     0.008 |
|     utilization_reg[4]_i_17      |     0.008 |
|     utilization_reg[4]_i_18      |     0.008 |
|     utilization_reg[4]_i_19      |     0.008 |
|     utilization_reg[4]_i_2       |     0.008 |
|     utilization_reg[4]_i_20      |     0.008 |
|     utilization_reg[4]_i_22      |     0.008 |
|     utilization_reg[4]_i_23      |     0.008 |
|     utilization_reg[4]_i_24      |     0.010 |
|     utilization_reg[4]_i_25      |     0.008 |
|     utilization_reg[4]_i_26      |     0.010 |
|     utilization_reg[4]_i_27      |     0.009 |
|     utilization_reg[4]_i_28      |     0.008 |
|     utilization_reg[4]_i_29      |     0.009 |
|     utilization_reg[4]_i_30      |     0.007 |
|     utilization_reg[4]_i_31      |     0.008 |
|     utilization_reg[4]_i_32      |     0.008 |
|     utilization_reg[4]_i_33      |     0.008 |
|     utilization_reg[4]_i_34      |     0.008 |
|     utilization_reg[4]_i_35      |     0.008 |
|     utilization_reg[4]_i_36      |     0.009 |
|     utilization_reg[4]_i_37      |     0.008 |
|     utilization_reg[4]_i_5       |     0.007 |
|     utilization_reg[4]_i_6       |     0.008 |
|     utilization_reg[4]_i_7       |     0.008 |
|     utilization_reg[4]_i_8       |     0.008 |
|     utilization_reg[4]_i_9       |     0.008 |
|     utilization_reg[5]_i_1       |     0.045 |
|     utilization_reg[5]_i_10      |     0.008 |
|     utilization_reg[5]_i_11      |     0.011 |
|     utilization_reg[5]_i_13      |     0.009 |
|     utilization_reg[5]_i_14      |     0.008 |
|     utilization_reg[5]_i_15      |     0.011 |
|     utilization_reg[5]_i_16      |     0.009 |
|     utilization_reg[5]_i_17      |     0.010 |
|     utilization_reg[5]_i_18      |     0.011 |
|     utilization_reg[5]_i_19      |     0.010 |
|     utilization_reg[5]_i_2       |     0.008 |
|     utilization_reg[5]_i_20      |     0.010 |
|     utilization_reg[5]_i_22      |     0.009 |
|     utilization_reg[5]_i_23      |     0.008 |
|     utilization_reg[5]_i_24      |     0.011 |
|     utilization_reg[5]_i_25      |     0.010 |
|     utilization_reg[5]_i_26      |     0.011 |
|     utilization_reg[5]_i_27      |     0.008 |
|     utilization_reg[5]_i_28      |     0.010 |
|     utilization_reg[5]_i_29      |     0.008 |
|     utilization_reg[5]_i_30      |     0.007 |
|     utilization_reg[5]_i_31      |     0.007 |
|     utilization_reg[5]_i_32      |     0.008 |
|     utilization_reg[5]_i_33      |     0.009 |
|     utilization_reg[5]_i_34      |     0.009 |
|     utilization_reg[5]_i_35      |     0.008 |
|     utilization_reg[5]_i_36      |     0.011 |
|     utilization_reg[5]_i_37      |     0.009 |
|     utilization_reg[5]_i_5       |     0.009 |
|     utilization_reg[5]_i_6       |     0.008 |
|     utilization_reg[5]_i_7       |     0.011 |
|     utilization_reg[5]_i_8       |     0.009 |
|     utilization_reg[5]_i_9       |     0.010 |
|     utilization_reg[6]_i_1       |     0.048 |
|     utilization_reg[6]_i_10      |     0.008 |
|     utilization_reg[6]_i_11      |     0.009 |
|     utilization_reg[6]_i_13      |     0.007 |
|     utilization_reg[6]_i_14      |     0.007 |
|     utilization_reg[6]_i_15      |     0.010 |
|     utilization_reg[6]_i_16      |     0.009 |
|     utilization_reg[6]_i_17      |     0.008 |
|     utilization_reg[6]_i_18      |     0.008 |
|     utilization_reg[6]_i_19      |     0.009 |
|     utilization_reg[6]_i_2       |     0.009 |
|     utilization_reg[6]_i_20      |     0.009 |
|     utilization_reg[6]_i_22      |     0.007 |
|     utilization_reg[6]_i_23      |     0.010 |
|     utilization_reg[6]_i_24      |     0.010 |
|     utilization_reg[6]_i_25      |     0.008 |
|     utilization_reg[6]_i_26      |     0.009 |
|     utilization_reg[6]_i_27      |     0.008 |
|     utilization_reg[6]_i_28      |     0.007 |
|     utilization_reg[6]_i_29      |     0.008 |
|     utilization_reg[6]_i_30      |     0.006 |
|     utilization_reg[6]_i_31      |     0.007 |
|     utilization_reg[6]_i_32      |     0.007 |
|     utilization_reg[6]_i_33      |     0.007 |
|     utilization_reg[6]_i_34      |     0.008 |
|     utilization_reg[6]_i_35      |     0.009 |
|     utilization_reg[6]_i_36      |     0.008 |
|     utilization_reg[6]_i_37      |     0.008 |
|     utilization_reg[6]_i_5       |     0.007 |
|     utilization_reg[6]_i_6       |     0.008 |
|     utilization_reg[6]_i_7       |     0.009 |
|     utilization_reg[6]_i_8       |     0.009 |
|     utilization_reg[6]_i_9       |     0.008 |
|     utilization_reg[7]_i_1       |     0.042 |
|     utilization_reg[7]_i_10      |     0.009 |
|     utilization_reg[7]_i_11      |     0.008 |
|     utilization_reg[7]_i_13      |     0.006 |
|     utilization_reg[7]_i_14      |     0.010 |
|     utilization_reg[7]_i_15      |     0.009 |
|     utilization_reg[7]_i_16      |     0.009 |
|     utilization_reg[7]_i_17      |     0.008 |
|     utilization_reg[7]_i_18      |     0.009 |
|     utilization_reg[7]_i_19      |     0.008 |
|     utilization_reg[7]_i_2       |     0.010 |
|     utilization_reg[7]_i_20      |     0.010 |
|     utilization_reg[7]_i_22      |     0.006 |
|     utilization_reg[7]_i_23      |     0.009 |
|     utilization_reg[7]_i_24      |     0.009 |
|     utilization_reg[7]_i_25      |     0.009 |
|     utilization_reg[7]_i_26      |     0.008 |
|     utilization_reg[7]_i_27      |     0.009 |
|     utilization_reg[7]_i_28      |     0.008 |
|     utilization_reg[7]_i_29      |     0.009 |
|     utilization_reg[7]_i_30      |     0.006 |
|     utilization_reg[7]_i_31      |     0.008 |
|     utilization_reg[7]_i_32      |     0.009 |
|     utilization_reg[7]_i_33      |     0.009 |
|     utilization_reg[7]_i_34      |     0.008 |
|     utilization_reg[7]_i_35      |     0.009 |
|     utilization_reg[7]_i_36      |     0.010 |
|     utilization_reg[7]_i_37      |     0.010 |
|     utilization_reg[7]_i_5       |     0.006 |
|     utilization_reg[7]_i_6       |     0.010 |
|     utilization_reg[7]_i_7       |     0.008 |
|     utilization_reg[7]_i_8       |     0.009 |
|     utilization_reg[7]_i_9       |     0.008 |
|     utilization_reg[8]_i_1       |     0.049 |
|     utilization_reg[8]_i_10      |     0.011 |
|     utilization_reg[8]_i_11      |     0.011 |
|     utilization_reg[8]_i_13      |     0.008 |
|     utilization_reg[8]_i_14      |     0.009 |
|     utilization_reg[8]_i_15      |     0.009 |
|     utilization_reg[8]_i_16      |     0.009 |
|     utilization_reg[8]_i_17      |     0.011 |
|     utilization_reg[8]_i_18      |     0.010 |
|     utilization_reg[8]_i_19      |     0.011 |
|     utilization_reg[8]_i_2       |     0.009 |
|     utilization_reg[8]_i_20      |     0.010 |
|     utilization_reg[8]_i_22      |     0.008 |
|     utilization_reg[8]_i_23      |     0.009 |
|     utilization_reg[8]_i_24      |     0.008 |
|     utilization_reg[8]_i_25      |     0.009 |
|     utilization_reg[8]_i_26      |     0.010 |
|     utilization_reg[8]_i_27      |     0.011 |
|     utilization_reg[8]_i_28      |     0.011 |
|     utilization_reg[8]_i_29      |     0.009 |
|     utilization_reg[8]_i_30      |     0.010 |
|     utilization_reg[8]_i_31      |     0.012 |
|     utilization_reg[8]_i_32      |     0.010 |
|     utilization_reg[8]_i_33      |     0.009 |
|     utilization_reg[8]_i_34      |     0.008 |
|     utilization_reg[8]_i_35      |     0.011 |
|     utilization_reg[8]_i_36      |     0.009 |
|     utilization_reg[8]_i_37      |     0.009 |
|     utilization_reg[8]_i_38      |     0.004 |
|     utilization_reg[8]_i_5       |     0.009 |
|     utilization_reg[8]_i_6       |     0.009 |
|     utilization_reg[8]_i_7       |     0.010 |
|     utilization_reg[8]_i_8       |     0.008 |
|     utilization_reg[8]_i_9       |     0.008 |
|     utilization_reg[9]_i_1       |     0.052 |
|     utilization_reg[9]_i_10      |     0.008 |
|     utilization_reg[9]_i_11      |     0.009 |
|     utilization_reg[9]_i_13      |     0.008 |
|     utilization_reg[9]_i_14      |     0.009 |
|     utilization_reg[9]_i_15      |     0.008 |
|     utilization_reg[9]_i_16      |     0.010 |
|     utilization_reg[9]_i_17      |     0.008 |
|     utilization_reg[9]_i_18      |     0.008 |
|     utilization_reg[9]_i_19      |     0.010 |
|     utilization_reg[9]_i_2       |     0.009 |
|     utilization_reg[9]_i_20      |     0.013 |
|     utilization_reg[9]_i_22      |     0.006 |
|     utilization_reg[9]_i_23      |     0.009 |
|     utilization_reg[9]_i_24      |     0.010 |
|     utilization_reg[9]_i_25      |     0.010 |
|     utilization_reg[9]_i_26      |     0.009 |
|     utilization_reg[9]_i_27      |     0.009 |
|     utilization_reg[9]_i_28      |     0.010 |
|     utilization_reg[9]_i_29      |     0.009 |
|     utilization_reg[9]_i_30      |     0.008 |
|     utilization_reg[9]_i_31      |     0.008 |
|     utilization_reg[9]_i_32      |     0.009 |
|     utilization_reg[9]_i_33      |     0.010 |
|     utilization_reg[9]_i_34      |     0.008 |
|     utilization_reg[9]_i_35      |     0.010 |
|     utilization_reg[9]_i_36      |     0.008 |
|     utilization_reg[9]_i_37      |     0.008 |
|     utilization_reg[9]_i_38      |     0.007 |
|     utilization_reg[9]_i_5       |     0.008 |
|     utilization_reg[9]_i_6       |     0.009 |
|     utilization_reg[9]_i_7       |     0.008 |
|     utilization_reg[9]_i_8       |     0.010 |
|     utilization_reg[9]_i_9       |     0.008 |
|   pipe_ctrl                      |     0.122 |
|   preproc                        |     3.378 |
|     max_b_reg[7]_i_4             |     0.001 |
|     max_b_reg[7]_i_5             |     0.002 |
|     max_b_reg[7]_i_6             |     0.002 |
|     max_b_reg[7]_i_7             |     0.002 |
|     max_g_reg[7]_i_4             |     0.002 |
|     max_g_reg[7]_i_5             |     0.002 |
|     max_g_reg[7]_i_6             |     0.002 |
|     max_g_reg[7]_i_7             |     0.002 |
|     max_r_reg[7]_i_4             |     0.002 |
|     max_r_reg[7]_i_5             |     0.002 |
|     max_r_reg[7]_i_6             |     0.002 |
|     max_r_reg[7]_i_7             |     0.002 |
|     min_b_reg[7]_i_4             |     0.002 |
|     min_b_reg[7]_i_5             |     0.002 |
|     min_b_reg[7]_i_6             |     0.002 |
|     min_b_reg[7]_i_7             |     0.002 |
|     min_g_reg[7]_i_4             |     0.001 |
|     min_g_reg[7]_i_5             |     0.002 |
|     min_g_reg[7]_i_6             |     0.002 |
|     min_g_reg[7]_i_7             |     0.002 |
|     min_r_reg[7]_i_4             |     0.002 |
|     min_r_reg[7]_i_5             |     0.002 |
|     min_r_reg[7]_i_6             |     0.002 |
|     min_r_reg[7]_i_7             |     0.002 |
|     norm_data_reg[15]_i_35       |     0.002 |
|     norm_data_reg[15]_i_8        |     0.003 |
|     norm_data_reg[23]_i_36       |     0.002 |
|     norm_data_reg[23]_i_9        |     0.002 |
|     norm_data_reg[7]_i_35        |     0.002 |
|     norm_data_reg[7]_i_8         |     0.003 |
|     norm_data_reg_reg[0]_i_10    |     0.006 |
|     norm_data_reg_reg[0]_i_11    |     0.006 |
|     norm_data_reg_reg[0]_i_12    |     0.006 |
|     norm_data_reg_reg[0]_i_13    |     0.006 |
|     norm_data_reg_reg[0]_i_14    |     0.006 |
|     norm_data_reg_reg[0]_i_15    |     0.006 |
|     norm_data_reg_reg[0]_i_16    |     0.007 |
|     norm_data_reg_reg[0]_i_17    |     0.007 |
|     norm_data_reg_reg[0]_i_18    |     0.007 |
|     norm_data_reg_reg[0]_i_19    |     0.007 |
|     norm_data_reg_reg[0]_i_2     |     0.006 |
|     norm_data_reg_reg[0]_i_20    |     0.007 |
|     norm_data_reg_reg[0]_i_21    |     0.007 |
|     norm_data_reg_reg[0]_i_22    |     0.007 |
|     norm_data_reg_reg[0]_i_3     |     0.008 |
|     norm_data_reg_reg[0]_i_7     |     0.005 |
|     norm_data_reg_reg[0]_i_8     |     0.006 |
|     norm_data_reg_reg[0]_i_9     |     0.006 |
|     norm_data_reg_reg[10]_i_10   |     0.008 |
|     norm_data_reg_reg[10]_i_11   |     0.009 |
|     norm_data_reg_reg[10]_i_12   |     0.008 |
|     norm_data_reg_reg[10]_i_13   |     0.008 |
|     norm_data_reg_reg[10]_i_14   |     0.007 |
|     norm_data_reg_reg[10]_i_15   |     0.008 |
|     norm_data_reg_reg[10]_i_16   |     0.008 |
|     norm_data_reg_reg[10]_i_17   |     0.009 |
|     norm_data_reg_reg[10]_i_18   |     0.009 |
|     norm_data_reg_reg[10]_i_19   |     0.009 |
|     norm_data_reg_reg[10]_i_2    |     0.022 |
|     norm_data_reg_reg[10]_i_20   |     0.009 |
|     norm_data_reg_reg[10]_i_21   |     0.010 |
|     norm_data_reg_reg[10]_i_3    |     0.008 |
|     norm_data_reg_reg[10]_i_7    |     0.006 |
|     norm_data_reg_reg[10]_i_8    |     0.009 |
|     norm_data_reg_reg[10]_i_9    |     0.008 |
|     norm_data_reg_reg[11]_i_10   |     0.008 |
|     norm_data_reg_reg[11]_i_11   |     0.009 |
|     norm_data_reg_reg[11]_i_12   |     0.009 |
|     norm_data_reg_reg[11]_i_13   |     0.009 |
|     norm_data_reg_reg[11]_i_14   |     0.006 |
|     norm_data_reg_reg[11]_i_15   |     0.007 |
|     norm_data_reg_reg[11]_i_16   |     0.008 |
|     norm_data_reg_reg[11]_i_17   |     0.007 |
|     norm_data_reg_reg[11]_i_18   |     0.009 |
|     norm_data_reg_reg[11]_i_19   |     0.009 |
|     norm_data_reg_reg[11]_i_2    |     0.024 |
|     norm_data_reg_reg[11]_i_20   |     0.008 |
|     norm_data_reg_reg[11]_i_21   |     0.009 |
|     norm_data_reg_reg[11]_i_3    |     0.008 |
|     norm_data_reg_reg[11]_i_7    |     0.007 |
|     norm_data_reg_reg[11]_i_8    |     0.008 |
|     norm_data_reg_reg[11]_i_9    |     0.008 |
|     norm_data_reg_reg[12]_i_10   |     0.007 |
|     norm_data_reg_reg[12]_i_11   |     0.008 |
|     norm_data_reg_reg[12]_i_12   |     0.008 |
|     norm_data_reg_reg[12]_i_13   |     0.007 |
|     norm_data_reg_reg[12]_i_14   |     0.005 |
|     norm_data_reg_reg[12]_i_15   |     0.005 |
|     norm_data_reg_reg[12]_i_16   |     0.007 |
|     norm_data_reg_reg[12]_i_17   |     0.007 |
|     norm_data_reg_reg[12]_i_18   |     0.008 |
|     norm_data_reg_reg[12]_i_19   |     0.007 |
|     norm_data_reg_reg[12]_i_2    |     0.020 |
|     norm_data_reg_reg[12]_i_20   |     0.008 |
|     norm_data_reg_reg[12]_i_21   |     0.009 |
|     norm_data_reg_reg[12]_i_3    |     0.005 |
|     norm_data_reg_reg[12]_i_7    |     0.006 |
|     norm_data_reg_reg[12]_i_8    |     0.008 |
|     norm_data_reg_reg[12]_i_9    |     0.007 |
|     norm_data_reg_reg[13]_i_10   |     0.003 |
|     norm_data_reg_reg[13]_i_11   |     0.006 |
|     norm_data_reg_reg[13]_i_12   |     0.006 |
|     norm_data_reg_reg[13]_i_13   |     0.006 |
|     norm_data_reg_reg[13]_i_14   |     0.003 |
|     norm_data_reg_reg[13]_i_15   |     0.005 |
|     norm_data_reg_reg[13]_i_16   |     0.005 |
|     norm_data_reg_reg[13]_i_17   |     0.006 |
|     norm_data_reg_reg[13]_i_18   |     0.007 |
|     norm_data_reg_reg[13]_i_19   |     0.006 |
|     norm_data_reg_reg[13]_i_2    |     0.014 |
|     norm_data_reg_reg[13]_i_20   |     0.007 |
|     norm_data_reg_reg[13]_i_21   |     0.009 |
|     norm_data_reg_reg[13]_i_3    |     0.004 |
|     norm_data_reg_reg[13]_i_7    |     0.005 |
|     norm_data_reg_reg[13]_i_8    |     0.006 |
|     norm_data_reg_reg[13]_i_9    |     0.003 |
|     norm_data_reg_reg[14]_i_10   |     0.005 |
|     norm_data_reg_reg[14]_i_11   |     0.005 |
|     norm_data_reg_reg[14]_i_12   |     0.002 |
|     norm_data_reg_reg[14]_i_13   |     0.003 |
|     norm_data_reg_reg[14]_i_14   |     0.005 |
|     norm_data_reg_reg[14]_i_15   |     0.004 |
|     norm_data_reg_reg[14]_i_16   |     0.008 |
|     norm_data_reg_reg[14]_i_17   |     0.006 |
|     norm_data_reg_reg[14]_i_18   |     0.005 |
|     norm_data_reg_reg[14]_i_19   |     0.006 |
|     norm_data_reg_reg[14]_i_2    |     0.001 |
|     norm_data_reg_reg[14]_i_5    |     0.002 |
|     norm_data_reg_reg[14]_i_6    |     0.001 |
|     norm_data_reg_reg[14]_i_7    |     0.002 |
|     norm_data_reg_reg[14]_i_8    |     0.002 |
|     norm_data_reg_reg[14]_i_9    |     0.005 |
|     norm_data_reg_reg[15]_i_24   |     0.002 |
|     norm_data_reg_reg[15]_i_25   |     0.003 |
|     norm_data_reg_reg[15]_i_26   |     0.003 |
|     norm_data_reg_reg[15]_i_27   |     0.003 |
|     norm_data_reg_reg[15]_i_28   |     0.002 |
|     norm_data_reg_reg[15]_i_29   |     0.002 |
|     norm_data_reg_reg[15]_i_30   |     0.001 |
|     norm_data_reg_reg[15]_i_31   |     0.001 |
|     norm_data_reg_reg[16]_i_10   |     0.006 |
|     norm_data_reg_reg[16]_i_11   |     0.006 |
|     norm_data_reg_reg[16]_i_12   |     0.006 |
|     norm_data_reg_reg[16]_i_13   |     0.006 |
|     norm_data_reg_reg[16]_i_14   |     0.006 |
|     norm_data_reg_reg[16]_i_15   |     0.004 |
|     norm_data_reg_reg[16]_i_16   |     0.007 |
|     norm_data_reg_reg[16]_i_17   |     0.007 |
|     norm_data_reg_reg[16]_i_18   |     0.007 |
|     norm_data_reg_reg[16]_i_19   |     0.006 |
|     norm_data_reg_reg[16]_i_2    |     0.007 |
|     norm_data_reg_reg[16]_i_20   |     0.006 |
|     norm_data_reg_reg[16]_i_21   |     0.006 |
|     norm_data_reg_reg[16]_i_22   |     0.007 |
|     norm_data_reg_reg[16]_i_3    |     0.008 |
|     norm_data_reg_reg[16]_i_7    |     0.005 |
|     norm_data_reg_reg[16]_i_8    |     0.006 |
|     norm_data_reg_reg[16]_i_9    |     0.006 |
|     norm_data_reg_reg[17]_i_10   |     0.007 |
|     norm_data_reg_reg[17]_i_11   |     0.007 |
|     norm_data_reg_reg[17]_i_12   |     0.007 |
|     norm_data_reg_reg[17]_i_13   |     0.008 |
|     norm_data_reg_reg[17]_i_14   |     0.008 |
|     norm_data_reg_reg[17]_i_15   |     0.007 |
|     norm_data_reg_reg[17]_i_16   |     0.009 |
|     norm_data_reg_reg[17]_i_17   |     0.008 |
|     norm_data_reg_reg[17]_i_18   |     0.008 |
|     norm_data_reg_reg[17]_i_19   |     0.007 |
|     norm_data_reg_reg[17]_i_2    |     0.021 |
|     norm_data_reg_reg[17]_i_20   |     0.009 |
|     norm_data_reg_reg[17]_i_21   |     0.009 |
|     norm_data_reg_reg[17]_i_3    |     0.008 |
|     norm_data_reg_reg[17]_i_7    |     0.007 |
|     norm_data_reg_reg[17]_i_8    |     0.008 |
|     norm_data_reg_reg[17]_i_9    |     0.007 |
|     norm_data_reg_reg[18]_i_10   |     0.008 |
|     norm_data_reg_reg[18]_i_11   |     0.008 |
|     norm_data_reg_reg[18]_i_12   |     0.009 |
|     norm_data_reg_reg[18]_i_13   |     0.007 |
|     norm_data_reg_reg[18]_i_14   |     0.008 |
|     norm_data_reg_reg[18]_i_15   |     0.008 |
|     norm_data_reg_reg[18]_i_16   |     0.008 |
|     norm_data_reg_reg[18]_i_17   |     0.008 |
|     norm_data_reg_reg[18]_i_18   |     0.009 |
|     norm_data_reg_reg[18]_i_19   |     0.010 |
|     norm_data_reg_reg[18]_i_2    |     0.021 |
|     norm_data_reg_reg[18]_i_20   |     0.008 |
|     norm_data_reg_reg[18]_i_21   |     0.009 |
|     norm_data_reg_reg[18]_i_3    |     0.009 |
|     norm_data_reg_reg[18]_i_7    |     0.007 |
|     norm_data_reg_reg[18]_i_8    |     0.007 |
|     norm_data_reg_reg[18]_i_9    |     0.008 |
|     norm_data_reg_reg[19]_i_10   |     0.009 |
|     norm_data_reg_reg[19]_i_11   |     0.009 |
|     norm_data_reg_reg[19]_i_12   |     0.008 |
|     norm_data_reg_reg[19]_i_13   |     0.008 |
|     norm_data_reg_reg[19]_i_14   |     0.008 |
|     norm_data_reg_reg[19]_i_15   |     0.006 |
|     norm_data_reg_reg[19]_i_16   |     0.008 |
|     norm_data_reg_reg[19]_i_17   |     0.008 |
|     norm_data_reg_reg[19]_i_18   |     0.010 |
|     norm_data_reg_reg[19]_i_19   |     0.007 |
|     norm_data_reg_reg[19]_i_2    |     0.019 |
|     norm_data_reg_reg[19]_i_20   |     0.007 |
|     norm_data_reg_reg[19]_i_21   |     0.008 |
|     norm_data_reg_reg[19]_i_3    |     0.007 |
|     norm_data_reg_reg[19]_i_7    |     0.007 |
|     norm_data_reg_reg[19]_i_8    |     0.007 |
|     norm_data_reg_reg[19]_i_9    |     0.010 |
|     norm_data_reg_reg[1]_i_10    |     0.009 |
|     norm_data_reg_reg[1]_i_11    |     0.008 |
|     norm_data_reg_reg[1]_i_12    |     0.009 |
|     norm_data_reg_reg[1]_i_13    |     0.007 |
|     norm_data_reg_reg[1]_i_14    |     0.008 |
|     norm_data_reg_reg[1]_i_15    |     0.009 |
|     norm_data_reg_reg[1]_i_16    |     0.007 |
|     norm_data_reg_reg[1]_i_17    |     0.009 |
|     norm_data_reg_reg[1]_i_18    |     0.008 |
|     norm_data_reg_reg[1]_i_19    |     0.009 |
|     norm_data_reg_reg[1]_i_2     |     0.023 |
|     norm_data_reg_reg[1]_i_20    |     0.008 |
|     norm_data_reg_reg[1]_i_21    |     0.010 |
|     norm_data_reg_reg[1]_i_3     |     0.008 |
|     norm_data_reg_reg[1]_i_7     |     0.006 |
|     norm_data_reg_reg[1]_i_8     |     0.008 |
|     norm_data_reg_reg[1]_i_9     |     0.009 |
|     norm_data_reg_reg[20]_i_10   |     0.007 |
|     norm_data_reg_reg[20]_i_11   |     0.007 |
|     norm_data_reg_reg[20]_i_12   |     0.007 |
|     norm_data_reg_reg[20]_i_13   |     0.009 |
|     norm_data_reg_reg[20]_i_14   |     0.007 |
|     norm_data_reg_reg[20]_i_15   |     0.006 |
|     norm_data_reg_reg[20]_i_16   |     0.009 |
|     norm_data_reg_reg[20]_i_17   |     0.009 |
|     norm_data_reg_reg[20]_i_18   |     0.007 |
|     norm_data_reg_reg[20]_i_19   |     0.007 |
|     norm_data_reg_reg[20]_i_2    |     0.020 |
|     norm_data_reg_reg[20]_i_20   |     0.008 |
|     norm_data_reg_reg[20]_i_21   |     0.008 |
|     norm_data_reg_reg[20]_i_3    |     0.005 |
|     norm_data_reg_reg[20]_i_7    |     0.006 |
|     norm_data_reg_reg[20]_i_8    |     0.007 |
|     norm_data_reg_reg[20]_i_9    |     0.007 |
|     norm_data_reg_reg[21]_i_10   |     0.004 |
|     norm_data_reg_reg[21]_i_11   |     0.007 |
|     norm_data_reg_reg[21]_i_12   |     0.007 |
|     norm_data_reg_reg[21]_i_13   |     0.006 |
|     norm_data_reg_reg[21]_i_14   |     0.003 |
|     norm_data_reg_reg[21]_i_15   |     0.004 |
|     norm_data_reg_reg[21]_i_16   |     0.004 |
|     norm_data_reg_reg[21]_i_17   |     0.005 |
|     norm_data_reg_reg[21]_i_18   |     0.007 |
|     norm_data_reg_reg[21]_i_19   |     0.008 |
|     norm_data_reg_reg[21]_i_2    |     0.017 |
|     norm_data_reg_reg[21]_i_20   |     0.007 |
|     norm_data_reg_reg[21]_i_21   |     0.006 |
|     norm_data_reg_reg[21]_i_3    |     0.004 |
|     norm_data_reg_reg[21]_i_7    |     0.005 |
|     norm_data_reg_reg[21]_i_8    |     0.007 |
|     norm_data_reg_reg[21]_i_9    |     0.004 |
|     norm_data_reg_reg[22]_i_10   |     0.004 |
|     norm_data_reg_reg[22]_i_11   |     0.004 |
|     norm_data_reg_reg[22]_i_12   |     0.002 |
|     norm_data_reg_reg[22]_i_13   |     0.004 |
|     norm_data_reg_reg[22]_i_14   |     0.004 |
|     norm_data_reg_reg[22]_i_15   |     0.004 |
|     norm_data_reg_reg[22]_i_16   |     0.006 |
|     norm_data_reg_reg[22]_i_17   |     0.005 |
|     norm_data_reg_reg[22]_i_18   |     0.005 |
|     norm_data_reg_reg[22]_i_19   |     0.005 |
|     norm_data_reg_reg[22]_i_2    |     0.001 |
|     norm_data_reg_reg[22]_i_5    |     0.004 |
|     norm_data_reg_reg[22]_i_6    |     0.001 |
|     norm_data_reg_reg[22]_i_7    |     0.002 |
|     norm_data_reg_reg[22]_i_8    |     0.002 |
|     norm_data_reg_reg[22]_i_9    |     0.004 |
|     norm_data_reg_reg[23]_i_25   |     0.002 |
|     norm_data_reg_reg[23]_i_26   |     0.003 |
|     norm_data_reg_reg[23]_i_27   |     0.003 |
|     norm_data_reg_reg[23]_i_28   |     0.004 |
|     norm_data_reg_reg[23]_i_29   |     0.002 |
|     norm_data_reg_reg[23]_i_30   |     0.002 |
|     norm_data_reg_reg[23]_i_31   |     0.002 |
|     norm_data_reg_reg[2]_i_10    |     0.008 |
|     norm_data_reg_reg[2]_i_11    |     0.008 |
|     norm_data_reg_reg[2]_i_12    |     0.008 |
|     norm_data_reg_reg[2]_i_13    |     0.008 |
|     norm_data_reg_reg[2]_i_14    |     0.008 |
|     norm_data_reg_reg[2]_i_15    |     0.008 |
|     norm_data_reg_reg[2]_i_16    |     0.008 |
|     norm_data_reg_reg[2]_i_17    |     0.009 |
|     norm_data_reg_reg[2]_i_18    |     0.008 |
|     norm_data_reg_reg[2]_i_19    |     0.008 |
|     norm_data_reg_reg[2]_i_2     |     0.026 |
|     norm_data_reg_reg[2]_i_20    |     0.008 |
|     norm_data_reg_reg[2]_i_21    |     0.009 |
|     norm_data_reg_reg[2]_i_3     |     0.007 |
|     norm_data_reg_reg[2]_i_7     |     0.005 |
|     norm_data_reg_reg[2]_i_8     |     0.007 |
|     norm_data_reg_reg[2]_i_9     |     0.008 |
|     norm_data_reg_reg[3]_i_10    |     0.008 |
|     norm_data_reg_reg[3]_i_11    |     0.009 |
|     norm_data_reg_reg[3]_i_12    |     0.009 |
|     norm_data_reg_reg[3]_i_13    |     0.009 |
|     norm_data_reg_reg[3]_i_14    |     0.008 |
|     norm_data_reg_reg[3]_i_15    |     0.011 |
|     norm_data_reg_reg[3]_i_16    |     0.007 |
|     norm_data_reg_reg[3]_i_17    |     0.008 |
|     norm_data_reg_reg[3]_i_18    |     0.009 |
|     norm_data_reg_reg[3]_i_19    |     0.010 |
|     norm_data_reg_reg[3]_i_2     |     0.021 |
|     norm_data_reg_reg[3]_i_20    |     0.009 |
|     norm_data_reg_reg[3]_i_21    |     0.009 |
|     norm_data_reg_reg[3]_i_3     |     0.007 |
|     norm_data_reg_reg[3]_i_7     |     0.006 |
|     norm_data_reg_reg[3]_i_8     |     0.008 |
|     norm_data_reg_reg[3]_i_9     |     0.008 |
|     norm_data_reg_reg[4]_i_10    |     0.007 |
|     norm_data_reg_reg[4]_i_11    |     0.008 |
|     norm_data_reg_reg[4]_i_12    |     0.007 |
|     norm_data_reg_reg[4]_i_13    |     0.008 |
|     norm_data_reg_reg[4]_i_14    |     0.005 |
|     norm_data_reg_reg[4]_i_15    |     0.006 |
|     norm_data_reg_reg[4]_i_16    |     0.007 |
|     norm_data_reg_reg[4]_i_17    |     0.007 |
|     norm_data_reg_reg[4]_i_18    |     0.007 |
|     norm_data_reg_reg[4]_i_19    |     0.007 |
|     norm_data_reg_reg[4]_i_2     |     0.022 |
|     norm_data_reg_reg[4]_i_20    |     0.007 |
|     norm_data_reg_reg[4]_i_21    |     0.008 |
|     norm_data_reg_reg[4]_i_3     |     0.005 |
|     norm_data_reg_reg[4]_i_7     |     0.006 |
|     norm_data_reg_reg[4]_i_8     |     0.006 |
|     norm_data_reg_reg[4]_i_9     |     0.007 |
|     norm_data_reg_reg[5]_i_10    |     0.003 |
|     norm_data_reg_reg[5]_i_11    |     0.006 |
|     norm_data_reg_reg[5]_i_12    |     0.007 |
|     norm_data_reg_reg[5]_i_13    |     0.006 |
|     norm_data_reg_reg[5]_i_14    |     0.003 |
|     norm_data_reg_reg[5]_i_15    |     0.004 |
|     norm_data_reg_reg[5]_i_16    |     0.005 |
|     norm_data_reg_reg[5]_i_17    |     0.006 |
|     norm_data_reg_reg[5]_i_18    |     0.007 |
|     norm_data_reg_reg[5]_i_19    |     0.008 |
|     norm_data_reg_reg[5]_i_2     |     0.013 |
|     norm_data_reg_reg[5]_i_20    |     0.007 |
|     norm_data_reg_reg[5]_i_21    |     0.007 |
|     norm_data_reg_reg[5]_i_3     |     0.004 |
|     norm_data_reg_reg[5]_i_7     |     0.007 |
|     norm_data_reg_reg[5]_i_8     |     0.006 |
|     norm_data_reg_reg[5]_i_9     |     0.004 |
|     norm_data_reg_reg[6]_i_10    |     0.005 |
|     norm_data_reg_reg[6]_i_11    |     0.004 |
|     norm_data_reg_reg[6]_i_12    |     0.003 |
|     norm_data_reg_reg[6]_i_13    |     0.004 |
|     norm_data_reg_reg[6]_i_14    |     0.004 |
|     norm_data_reg_reg[6]_i_15    |     0.004 |
|     norm_data_reg_reg[6]_i_16    |     0.006 |
|     norm_data_reg_reg[6]_i_17    |     0.005 |
|     norm_data_reg_reg[6]_i_18    |     0.006 |
|     norm_data_reg_reg[6]_i_19    |     0.006 |
|     norm_data_reg_reg[6]_i_2     |     0.001 |
|     norm_data_reg_reg[6]_i_5     |     0.003 |
|     norm_data_reg_reg[6]_i_6     |     0.001 |
|     norm_data_reg_reg[6]_i_7     |     0.002 |
|     norm_data_reg_reg[6]_i_8     |     0.002 |
|     norm_data_reg_reg[6]_i_9     |     0.005 |
|     norm_data_reg_reg[7]_i_24    |     0.002 |
|     norm_data_reg_reg[7]_i_25    |     0.003 |
|     norm_data_reg_reg[7]_i_26    |     0.003 |
|     norm_data_reg_reg[7]_i_27    |     0.004 |
|     norm_data_reg_reg[7]_i_28    |     0.002 |
|     norm_data_reg_reg[7]_i_29    |     0.002 |
|     norm_data_reg_reg[7]_i_30    |     0.001 |
|     norm_data_reg_reg[7]_i_31    |     0.001 |
|     norm_data_reg_reg[8]_i_10    |     0.006 |
|     norm_data_reg_reg[8]_i_11    |     0.006 |
|     norm_data_reg_reg[8]_i_12    |     0.006 |
|     norm_data_reg_reg[8]_i_13    |     0.006 |
|     norm_data_reg_reg[8]_i_14    |     0.006 |
|     norm_data_reg_reg[8]_i_15    |     0.006 |
|     norm_data_reg_reg[8]_i_16    |     0.007 |
|     norm_data_reg_reg[8]_i_17    |     0.007 |
|     norm_data_reg_reg[8]_i_18    |     0.007 |
|     norm_data_reg_reg[8]_i_19    |     0.007 |
|     norm_data_reg_reg[8]_i_2     |     0.008 |
|     norm_data_reg_reg[8]_i_20    |     0.007 |
|     norm_data_reg_reg[8]_i_21    |     0.007 |
|     norm_data_reg_reg[8]_i_22    |     0.007 |
|     norm_data_reg_reg[8]_i_3     |     0.008 |
|     norm_data_reg_reg[8]_i_7     |     0.005 |
|     norm_data_reg_reg[8]_i_8     |     0.006 |
|     norm_data_reg_reg[8]_i_9     |     0.006 |
|     norm_data_reg_reg[9]_i_10    |     0.008 |
|     norm_data_reg_reg[9]_i_11    |     0.008 |
|     norm_data_reg_reg[9]_i_12    |     0.010 |
|     norm_data_reg_reg[9]_i_13    |     0.007 |
|     norm_data_reg_reg[9]_i_14    |     0.007 |
|     norm_data_reg_reg[9]_i_15    |     0.009 |
|     norm_data_reg_reg[9]_i_16    |     0.009 |
|     norm_data_reg_reg[9]_i_17    |     0.009 |
|     norm_data_reg_reg[9]_i_18    |     0.008 |
|     norm_data_reg_reg[9]_i_19    |     0.009 |
|     norm_data_reg_reg[9]_i_2     |     0.020 |
|     norm_data_reg_reg[9]_i_20    |     0.009 |
|     norm_data_reg_reg[9]_i_21    |     0.008 |
|     norm_data_reg_reg[9]_i_3     |     0.008 |
|     norm_data_reg_reg[9]_i_7     |     0.007 |
|     norm_data_reg_reg[9]_i_8     |     0.008 |
|     norm_data_reg_reg[9]_i_9     |     0.009 |
|   ps_wizard                      |     1.496 |
|     ps_wizard                    |     1.496 |
|       inst                       |     1.496 |
|   reset_mgr                      |     0.119 |
+----------------------------------+-----------+


