Copyright 1986-2022 Xilinx, Inc. All Rights Reserved. Copyright 2022-2025 Advanced Micro Devices, Inc. All Rights Reserved.
-----------------------------------------------------------------------------------------------------------------------------------------------------------
| Tool Version      : Vivado v.2025.1 (lin64) Build 6140274 Wed May 21 22:58:25 MDT 2025
| Date              : Wed Jul 16 15:22:20 2025
| Host              : yashwanth-LOQ-15ARP9 running 64-bit Ubuntu 24.04.2 LTS
| Command           : report_bus_skew -warn_on_violation -file route_report_bus_skew_0.rpt -pb route_report_bus_skew_0.pb -rpx route_report_bus_skew_0.rpx
| Design            : ai_accelerator_top
| Device            : xcvp1902-vsva6865
| Speed File        : -3HP  PRODUCTION 2.03 2024-11-27
| Design State      : Routed
| Temperature Grade : E
-----------------------------------------------------------------------------------------------------------------------------------------------------------

Bus Skew Report

No bus skew constraints

